Component: ARM Compiler 5.06 update 7 (build 960) Tool: armlink [4d3601]

==============================================================================

Section Cross References

    startup_stm32f407xx.o(RESET) refers to startup_stm32f407xx.o(STACK) for __initial_sp
    startup_stm32f407xx.o(RESET) refers to startup_stm32f407xx.o(.text) for Reset_Handler
    startup_stm32f407xx.o(RESET) refers to stm32f4xx_it.o(i.NMI_Handler) for NMI_Handler
    startup_stm32f407xx.o(RESET) refers to stm32f4xx_it.o(i.HardFault_Handler) for HardFault_Handler
    startup_stm32f407xx.o(RESET) refers to stm32f4xx_it.o(i.MemManage_Handler) for MemManage_Handler
    startup_stm32f407xx.o(RESET) refers to stm32f4xx_it.o(i.BusFault_Handler) for BusFault_Handler
    startup_stm32f407xx.o(RESET) refers to stm32f4xx_it.o(i.UsageFault_Handler) for UsageFault_Handler
    startup_stm32f407xx.o(RESET) refers to port.o(.emb_text) for SVC_Handler
    startup_stm32f407xx.o(RESET) refers to stm32f4xx_it.o(i.DebugMon_Handler) for DebugMon_Handler
    startup_stm32f407xx.o(RESET) refers to stm32f4xx_it.o(i.SysTick_Handler) for SysTick_Handler
    startup_stm32f407xx.o(RESET) refers to stm32f4xx_it.o(i.USART2_IRQHandler) for USART2_IRQHandler
    startup_stm32f407xx.o(RESET) refers to stm32f4xx_it.o(i.USART3_IRQHandler) for USART3_IRQHandler
    startup_stm32f407xx.o(RESET) refers to stm32f4xx_it.o(i.TIM6_DAC_IRQHandler) for TIM6_DAC_IRQHandler
    startup_stm32f407xx.o(RESET) refers to stm32f4xx_it.o(i.TIM7_IRQHandler) for TIM7_IRQHandler
    startup_stm32f407xx.o(.text) refers to system_stm32f4xx.o(i.SystemInit) for SystemInit
    startup_stm32f407xx.o(.text) refers to entry.o(.ARM.Collect$$$$00000000) for __main
    main.o(i.HAL_TIM_PeriodElapsedCallback) refers to encoder.o(i.Read_Encoder) for Read_Encoder
    main.o(i.HAL_TIM_PeriodElapsedCallback) refers to control.o(i.Location_Speed_control) for Location_Speed_control
    main.o(i.HAL_TIM_PeriodElapsedCallback) refers to control.o(i.Set_PWM_L) for Set_PWM_L
    main.o(i.HAL_TIM_PeriodElapsedCallback) refers to control.o(i.Set_PWM_R) for Set_PWM_R
    main.o(i.HAL_TIM_PeriodElapsedCallback) refers to control.o(.data) for PWM_L
    main.o(i.SystemClock_Config) refers to memseta.o(.text) for __aeabi_memclr4
    main.o(i.SystemClock_Config) refers to stm32f4xx_hal_rcc.o(i.HAL_RCC_OscConfig) for HAL_RCC_OscConfig
    main.o(i.SystemClock_Config) refers to stm32f4xx_hal_rcc.o(i.HAL_RCC_ClockConfig) for HAL_RCC_ClockConfig
    main.o(i.main) refers to stm32f4xx_hal.o(i.HAL_Init) for HAL_Init
    main.o(i.main) refers to main.o(i.SystemClock_Config) for SystemClock_Config
    main.o(i.main) refers to gpio.o(i.MX_GPIO_Init) for MX_GPIO_Init
    main.o(i.main) refers to i2c.o(i.MX_I2C1_Init) for MX_I2C1_Init
    main.o(i.main) refers to tim.o(i.MX_TIM3_Init) for MX_TIM3_Init
    main.o(i.main) refers to tim.o(i.MX_TIM4_Init) for MX_TIM4_Init
    main.o(i.main) refers to tim.o(i.MX_TIM6_Init) for MX_TIM6_Init
    main.o(i.main) refers to tim.o(i.MX_TIM7_Init) for MX_TIM7_Init
    main.o(i.main) refers to usart.o(i.MX_USART1_UART_Init) for MX_USART1_UART_Init
    main.o(i.main) refers to usart.o(i.MX_USART2_UART_Init) for MX_USART2_UART_Init
    main.o(i.main) refers to i2c.o(i.MX_I2C3_Init) for MX_I2C3_Init
    main.o(i.main) refers to tim.o(i.MX_TIM13_Init) for MX_TIM13_Init
    main.o(i.main) refers to tim.o(i.MX_TIM14_Init) for MX_TIM14_Init
    main.o(i.main) refers to usart.o(i.MX_USART3_UART_Init) for MX_USART3_UART_Init
    main.o(i.main) refers to stm32f4xx_hal_tim.o(i.HAL_TIM_Base_Start_IT) for HAL_TIM_Base_Start_IT
    main.o(i.main) refers to pid.o(i.PID_param_init) for PID_param_init
    main.o(i.main) refers to freertos.o(i.MX_FREERTOS_Init) for MX_FREERTOS_Init
    main.o(i.main) refers to cmsis_os.o(i.osKernelStart) for osKernelStart
    main.o(i.main) refers to tim.o(.bss) for htim6
    gpio.o(i.MX_GPIO_Init) refers to memseta.o(.text) for __aeabi_memclr4
    gpio.o(i.MX_GPIO_Init) refers to stm32f4xx_hal_gpio.o(i.HAL_GPIO_WritePin) for HAL_GPIO_WritePin
    gpio.o(i.MX_GPIO_Init) refers to stm32f4xx_hal_gpio.o(i.HAL_GPIO_Init) for HAL_GPIO_Init
    freertos.o(i.MX_FREERTOS_Init) refers to memcpya.o(.text) for __aeabi_memcpy4
    freertos.o(i.MX_FREERTOS_Init) refers to cmsis_os.o(i.osThreadCreate) for osThreadCreate
    freertos.o(i.MX_FREERTOS_Init) refers to freertos.o(.constdata) for .constdata
    freertos.o(i.MX_FREERTOS_Init) refers to freertos.o(.data) for .data
    freertos.o(i.StartDefaultTask) refers to stm32f4xx_hal_tim.o(i.HAL_TIM_Encoder_Start) for HAL_TIM_Encoder_Start
    freertos.o(i.StartDefaultTask) refers to stm32f4xx_hal_tim.o(i.HAL_TIM_PWM_Start) for HAL_TIM_PWM_Start
    freertos.o(i.StartDefaultTask) refers to cmsis_os.o(i.osDelay) for osDelay
    freertos.o(i.StartDefaultTask) refers to tim.o(.bss) for htim3
    freertos.o(i.StartTask02) refers to cmsis_os.o(i.osDelay) for osDelay
[...]
    i.location_pid_R_realize                 0x080045a0   Section        0  pid.o(i.location_pid_R_realize)
    i.main                                   0x08004670   Section        0  main.o(i.main)
    i.makeFreeRtosPriority                   0x080046cc   Section        0  cmsis_os.o(i.makeFreeRtosPriority)
    makeFreeRtosPriority                     0x080046cd   Thumb Code    12  cmsis_os.o(i.makeFreeRtosPriority)
    i.osDelay                                0x080046d8   Section        0  cmsis_os.o(i.osDelay)
    i.osKernelStart                          0x080046e6   Section        0  cmsis_os.o(i.osKernelStart)
    i.osThreadCreate                         0x080046f0   Section        0  cmsis_os.o(i.osThreadCreate)
    i.parse_array                            0x08004744   Section        0  cjson.o(i.parse_array)
    parse_array                              0x08004745   Thumb Code   204  cjson.o(i.parse_array)
    i.parse_hex4                             0x08004810   Section        0  cjson.o(i.parse_hex4)
    parse_hex4                               0x08004811   Thumb Code    64  cjson.o(i.parse_hex4)
    i.parse_number                           0x08004850   Section        0  cjson.o(i.parse_number)
    parse_number                             0x08004851   Thumb Code   240  cjson.o(i.parse_number)
    i.parse_object                           0x08004950   Section        0  cjson.o(i.parse_object)
    parse_object                             0x08004951   Thumb Code   262  cjson.o(i.parse_object)
    i.parse_string                           0x08004a56   Section        0  cjson.o(i.parse_string)
    parse_string                             0x08004a57   Thumb Code   268  cjson.o(i.parse_string)
    i.parse_value                            0x08004b64   Section        0  cjson.o(i.parse_value)
    parse_value                              0x08004b65   Thumb Code   226  cjson.o(i.parse_value)
    i.prvAddCurrentTaskToDelayedList         0x08004c60   Section        0  tasks.o(i.prvAddCurrentTaskToDelayedList)
    prvAddCurrentTaskToDelayedList           0x08004c61   Thumb Code   102  tasks.o(i.prvAddCurrentTaskToDelayedList)
    i.prvAddNewTaskToReadyList               0x08004cd0   Section        0  tasks.o(i.prvAddNewTaskToReadyList)
    prvAddNewTaskToReadyList                 0x08004cd1   Thumb Code   194  tasks.o(i.prvAddNewTaskToReadyList)
    i.prvDeleteTCB                           0x08004da0   Section        0  tasks.o(i.prvDeleteTCB)
    prvDeleteTCB                             0x08004da1   Thumb Code    52  tasks.o(i.prvDeleteTCB)
    i.prvHeapInit                            0x08004dd4   Section        0  heap_4.o(i.prvHeapInit)
    prvHeapInit                              0x08004dd5   Thumb Code    66  heap_4.o(i.prvHeapInit)
    i.prvIdleTask                            0x08004e20   Section        0  tasks.o(i.prvIdleTask)
    prvIdleTask                              0x08004e21   Thumb Code    82  tasks.o(i.prvIdleTask)
    i.prvInitialiseNewTask                   0x08004e80   Section        0  tasks.o(i.prvInitialiseNewTask)
    prvInitialiseNewTask                     0x08004e81   Thumb Code   152  tasks.o(i.prvInitialiseNewTask)
    i.prvInsertBlockIntoFreeList             0x08004f18   Section        0  heap_4.o(i.prvInsertBlockIntoFreeList)
    prvInsertBlockIntoFreeList               0x08004f19   Thumb Code    72  heap_4.o(i.prvInsertBlockIntoFreeList)
    i.prvResetNextTaskUnblockTime            0x08004f64   Section        0  tasks.o(i.prvResetNextTaskUnblockTime)
    prvResetNextTaskUnblockTime              0x08004f65   Thumb Code    26  tasks.o(i.prvResetNextTaskUnblockTime)
    i.prvTaskExitError                       0x08004f84   Section        0  port.o(i.prvTaskExitError)
    prvTaskExitError                         0x08004f85   Thumb Code    36  port.o(i.prvTaskExitError)
    i.pvPortMalloc                           0x08004fac   Section        0  heap_4.o(i.pvPortMalloc)
    i.pxPortInitialiseStack                  0x08005088   Section        0  port.o(i.pxPortInitialiseStack)
    i.realloc                                0x080050b4   Section        0  mallocr.o(i.realloc)
    i.set_pid_target                         0x08005120   Section        0  pid.o(i.set_pid_target)
    i.speed_pid_L_control                    0x08005128   Section        0  control.o(i.speed_pid_L_control)
    i.speed_pid_L_realize                    0x08005188   Section        0  pid.o(i.speed_pid_L_realize)
    i.speed_pid_R_control                    0x08005200   Section        0  control.o(i.speed_pid_R_control)
    i.speed_pid_R_realize                    0x08005260   Section        0  pid.o(i.speed_pid_R_realize)
    i.utf16_literal_to_utf8                  0x080052d8   Section        0  cjson.o(i.utf16_literal_to_utf8)
    utf16_literal_to_utf8                    0x080052d9   Thumb Code   210  cjson.o(i.utf16_literal_to_utf8)
    i.uxListRemove                           0x080053aa   Section        0  list.o(i.uxListRemove)
    i.vApplicationGetIdleTaskMemory          0x080053d0   Section        0  freertos.o(i.vApplicationGetIdleTaskMemory)
    i.vListInitialise                        0x080053e4   Section        0  list.o(i.vListInitialise)
    i.vListInitialiseItem                    0x080053fa   Section        0  list.o(i.vListInitialiseItem)
    i.vListInsert                            0x08005400   Section        0  list.o(i.vListInsert)
    i.vListInsertEnd                         0x08005430   Section        0  list.o(i.vListInsertEnd)
    i.vPortEnterCritical                     0x08005448   Section        0  port.o(i.vPortEnterCritical)
    i.vPortExitCritical                      0x08005488   Section        0  port.o(i.vPortExitCritical)
    i.vPortFree                              0x080054b0   Section        0  heap_4.o(i.vPortFree)
    i.vPortSetupTimerInterrupt               0x08005514   Section        0  port.o(i.vPortSetupTimerInterrupt)
    i.vTaskDelay                             0x08005538   Section        0  tasks.o(i.vTaskDelay)
    i.vTaskStartScheduler                    0x08005584   Section        0  tasks.o(i.vTaskStartScheduler)
    i.vTaskSuspendAll                        0x080055f0   Section        0  tasks.o(i.vTaskSuspendAll)
    i.vTaskSwitchContext                     0x08005600   Section        0  tasks.o(i.vTaskSwitchContext)
    i.xPortStartScheduler                    0x0800565c   Section        0  port.o(i.xPortStartScheduler)
    i.xPortSysTickHandler                    0x08005750   Section        0  port.o(i.xPortSysTickHandler)
    i.xTaskCreate                            0x0800577c   Section        0  tasks.o(i.xTaskCreate)
    i.xTaskCreateStatic                      0x080057d6   Section        0  tasks.o(i.xTaskCreateStatic)
    i.xTaskGetSchedulerState                 0x0800582c   Section        0  tasks.o(i.xTaskGetSchedulerState)
    i.xTaskIncrementTick                     0x08005848   Section        0  tasks.o(i.xTaskIncrementTick)
    i.xTaskResumeAll                         0x08005914   Section        0  tasks.o(i.xTaskResumeAll)
    .constdata                               0x080059d8   Section       84  freertos.o(.constdata)
    .constdata                               0x08005a2c   Section       16  system_stm32f4xx.o(.constdata)
    .constdata                               0x08005a3c   Section        8  system_stm32f4xx.o(.constdata)
    .constdata                               0x08005a44   Section       64  ctype_c.o(.constdata)
    .conststring                             0x08005a84   Section       36  freertos.o(.conststring)
    .data                                    0x20000000   Section       12  freertos.o(.data)
    .data                                    0x2000000c   Section        7  usart.o(.data)
    .data                                    0x20000014   Section       12  stm32f4xx_hal.o(.data)
    .data                                    0x20000020   Section        4  system_stm32f4xx.o(.data)
    .data                                    0x20000024   Section       20  control.o(.data)
    .data                                    0x20000038   Section       24  encoder.o(.data)
    .data                                    0x20000050   Section       20  cjson.o(.data)
    global_error                             0x20000050   Data           8  cjson.o(.data)
    global_hooks                             0x20000058   Data          12  cjson.o(.data)
    .data                                    0x20000064   Section       45  parsejson.o(.data)
    .data                                    0x20000094   Section       60  tasks.o(.data)
    uxDeletedTasksWaitingCleanUp             0x20000098   Data           4  tasks.o(.data)
    uxCurrentNumberOfTasks                   0x2000009c   Data           4  tasks.o(.data)
    xTickCount                               0x200000a0   Data           4  tasks.o(.data)
    uxTopReadyPriority                       0x200000a4   Data           4  tasks.o(.data)
    xSchedulerRunning                        0x200000a8   Data           4  tasks.o(.data)
    xPendedTicks                             0x200000ac   Data           4  tasks.o(.data)
    xYieldPending                            0x200000b0   Data           4  tasks.o(.data)
    xNumOfOverflows                          0x200000b4   Data           4  tasks.o(.data)
    uxTaskNumber                             0x200000b8   Data           4  tasks.o(.data)
    xNextTaskUnblockTime                     0x200000bc   Data           4  tasks.o(.data)
    xIdleTaskHandle                          0x200000c0   Data           4  tasks.o(.data)
    uxSchedulerSuspended                     0x200000c4   Data           4  tasks.o(.data)
    pxDelayedTaskList                        0x200000c8   Data           4  tasks.o(.data)
    pxOverflowDelayedTaskList                0x200000cc   Data           4  tasks.o(.data)
    .data                                    0x200000d0   Section       32  heap_4.o(.data)
    pxEnd                                    0x200000d0   Data           4  heap_4.o(.data)
    xFreeBytesRemaining                      0x200000d4   Data           4  heap_4.o(.data)
    xMinimumEverFreeBytesRemaining           0x200000d8   Data           4  heap_4.o(.data)
    xNumberOfSuccessfulAllocations           0x200000dc   Data           4  heap_4.o(.data)
    xNumberOfSuccessfulFrees                 0x200000e0   Data           4  heap_4.o(.data)
    xBlockAllocatedBit                       0x200000e4   Data           4  heap_4.o(.data)
    xStart                                   0x200000e8   Data           8  heap_4.o(.data)
    .data                                    0x200000f0   Section       12  port.o(.data)
    ucMaxSysCallPriority                     0x200000f0   Data           1  port.o(.data)
    uxCriticalNesting                        0x200000f4   Data           4  port.o(.data)
    ulMaxPRIGROUPValue                       0x200000f8   Data           4  port.o(.data)
    .data                                    0x200000fc   Section        4  stdout.o(.data)
    .data                                    0x20000100   Section        4  mvars.o(.data)
    .data                                    0x20000104   Section        4  mvars.o(.data)
    .data                                    0x20000108   Section        4  errno.o(.data)
    _errno                                   0x20000108   Data           4  errno.o(.data)
    .bss                                     0x2000010c   Section      852  freertos.o(.bss)
    xIdleTaskTCBBuffer                       0x2000020c   Data          84  freertos.o(.bss)
    xIdleStack                               0x20000260   Data         512  freertos.o(.bss)
    .bss                                     0x20000460   Section      168  i2c.o(.bss)
    .bss                                     0x20000508   Section      432  tim.o(.bss)
    .bss                                     0x200006b8   Section      816  usart.o(.bss)
    sendBuff                                 0x200006b8   Data         100  usart.o(.bss)
    .bss                                     0x200009e8   Section      128  pid.o(.bss)
    .bss                                     0x20000a68   Section      240  tasks.o(.bss)
    pxReadyTasksLists                        0x20000a68   Data         140  tasks.o(.bss)
    xDelayedTaskList1                        0x20000af4   Data          20  tasks.o(.bss)
    xDelayedTaskList2                        0x20000b08   Data          20  tasks.o(.bss)
    xPendingReadyList                        0x20000b1c   Data          20  tasks.o(.bss)
    xTasksWaitingTermination                 0x20000b30   Data          20  tasks.o(.bss)
    xSuspendedTaskList                       0x20000b44   Data          20  tasks.o(.bss)
    .bss                                     0x20000b58   Section    15360  heap_4.o(.bss)
    ucHeap                                   0x20000b58   Data       15360  heap_4.o(.bss)
    HEAP                                     0x20004758   Section      512  startup_stm32f407xx.o(HEAP)
    STACK                                    0x20004958   Section     1024  startup_stm32f407xx.o(STACK)

    Global Symbols

    Symbol Name                              Value     Ov Type        Size  Object(Section)

    BuildAttributes$$THM_ISAv4$E$P$D$K$B$S$7EM$VFPi3$EXTD16$VFPS$VFMA$PE$A:L22UL41UL21$X:L11$S22US41US21$IEEE1$IW$USESV6$~STKCKD$USESV7$~SHL$OTIME$ROPI$IEEEX$EBA8$MICROLIB$REQ8$PRES8$EABIv2 0x00000000   Number         0  anon$$obj.o ABSOLUTE
    __ARM_use_no_argv                        0x00000000   Number         0  main.o ABSOLUTE
    _printf_a                                0x00000000   Number         0  stubs.o ABSOLUTE
    _printf_c                                0x00000000   Number         0  stubs.o ABSOLUTE
    _printf_charcount                        0x00000000   Number         0  stubs.o ABSOLUTE
    _printf_d                                0x00000000   Number         0  stubs.o ABSOLUTE
    _printf_e                                0x00000000   Number         0  stubs.o ABSOLUTE
    _printf_f                                0x00000000   Number         0  stubs.o ABSOLUTE
    _printf_flags                            0x00000000   Number         0  stubs.o ABSOLUTE
    _printf_fp_dec                           0x00000000   Number         0  stubs.o ABSOLUTE
    _printf_fp_hex                           0x00000000   Number         0  stubs.o ABSOLUTE
    _printf_g                                0x00000000   Number         0  stubs.o ABSOLUTE
    _printf_i                                0x00000000   Number         0  stubs.o ABSOLUTE
    _printf_int_dec                          0x00000000   Number         0  stubs.o ABSOLUTE
    _printf_l                                0x00000000   Number         0  stubs.o ABSOLUTE
    _printf_lc                               0x00000000   Number         0  stubs.o ABSOLUTE
    _printf_ll                               0x00000000   Number         0  stubs.o ABSOLUTE
    _printf_lld                              0x00000000   Number         0  stubs.o ABSOLUTE
    _printf_lli                              0x00000000   Number         0  stubs.o ABSOLUTE
    _printf_llo                              0x00000000   Number         0  stubs.o ABSOLUTE
    _printf_llu                              0x00000000   Number         0  stubs.o ABSOLUTE
    _printf_llx                              0x00000000   Number         0  stubs.o ABSOLUTE
    _printf_longlong_dec                     0x00000000   Number         0  stubs.o ABSOLUTE
    _printf_longlong_hex                     0x00000000   Number         0  stubs.o ABSOLUTE
    _printf_longlong_oct                     0x00000000   Number         0  stubs.o ABSOLUTE
    _printf_ls                               0x00000000   Number         0  stubs.o ABSOLUTE
    _printf_mbtowc                           0x00000000   Number         0  stubs.o ABSOLUTE
    _printf_n                                0x00000000   Number         0  stubs.o ABSOLUTE
    _printf_o                                0x00000000   Number         0  stubs.o ABSOLUTE
    _printf_p                                0x00000000   Number         0  stubs.o ABSOLUTE
    _printf_percent                          0x00000000   Number         0  stubs.o ABSOLUTE
    _printf_pre_padding                      0x00000000   Number         0  stubs.o ABSOLUTE
    _printf_return_value                     0x00000000   Number         0  stubs.o ABSOLUTE
    _printf_s                                0x00000000   Number         0  stubs.o ABSOLUTE
    _printf_sizespec                         0x00000000   Number         0  stubs.o ABSOLUTE
    _printf_str                              0x00000000   Number         0  stubs.o ABSOLUTE
    _printf_truncate_signed                  0x00000000   Number         0  stubs.o ABSOLUTE
    _printf_truncate_unsigned                0x00000000   Number         0  stubs.o ABSOLUTE
    _printf_u                                0x00000000   Number         0  stubs.o ABSOLUTE
    _printf_wc                               0x00000000   Number         0  stubs.o ABSOLUTE
    _printf_wctomb                           0x00000000   Number         0  stubs.o ABSOLUTE
    _printf_widthprec                        0x00000000   Number         0  stubs.o ABSOLUTE
    _printf_x                                0x00000000   Number         0  stubs.o ABSOLUTE
    __arm_fini_                               - Undefined Weak Reference
    __cpp_initialize__aeabi_                  - Undefined Weak Reference
    __cxa_finalize                            - Undefined Weak Reference
    __decompress                              - Undefined Weak Reference
    _clock_init                               - Undefined Weak Reference
    _microlib_exit                            - Undefined Weak Reference
    _scanf_int                                - Undefined Weak Reference
    _scanf_longlong                           - Undefined Weak Reference
    _scanf_string                             - Undefined Weak Reference
    __Vectors_Size                           0x00000188   Number         0  startup_stm32f407xx.o ABSOLUTE
    __Vectors                                0x08000000   Data           4  startup_stm32f407xx.o(RESET)
    __Vectors_End                            0x08000188   Data           0  startup_stm32f407xx.o(RESET)
    __main                                   0x08000189   Thumb Code     0  entry.o(.ARM.Collect$$$$00000000)
    _main_stk                                0x08000189   Thumb Code     0  entry2.o(.ARM.Collect$$$$00000001)
    _main_scatterload                        0x0800018d   Thumb Code     0  entry5.o(.ARM.Collect$$$$00000004)
    __main_after_scatterload                 0x08000191   Thumb Code     0  entry5.o(.ARM.Collect$$$$00000004)
    _main_clock                              0x08000191   Thumb Code     0  entry7b.o(.ARM.Collect$$$$00000008)
    _main_cpp_init                           0x08000191   Thumb Code     0  entry8b.o(.ARM.Collect$$$$0000000A)
    _main_init                               0x08000191   Thumb Code     0  entry9a.o(.ARM.Collect$$$$0000000B)
    __rt_lib_shutdown_fini                   0x08000199   Thumb Code     0  entry12b.o(.ARM.Collect$$$$0000000E)
    __rt_final_cpp                           0x0800019d   Thumb Code     0  entry10a.o(.ARM.Collect$$$$0000000F)
    __rt_final_exit                          0x0800019d   Thumb Code     0  entry11a.o(.ARM.Collect$$$$00000011)
    SVC_Handler                              0x080001a1   Thumb Code    28  port.o(.emb_text)
    __asm___6_port_c_39a90d8d__prvStartFirstTask 0x080001c1   Thumb Code    36  port.o(.emb_text)
    __asm___6_port_c_39a90d8d__prvEnableVFP  0x080001e9   Thumb Code    16  port.o(.emb_text)
    PendSV_Handler                           0x080001fd   Thumb Code    88  port.o(.emb_text)
    vPortGetIPSR                             0x08000259   Thumb Code     6  port.o(.emb_text)
    Reset_Handler                            0x08000261   Thumb Code     8  startup_stm32f407xx.o(.text)
    ADC_IRQHandler                           0x0800027b   Thumb Code     0  startup_stm32f407xx.o(.text)
    CAN1_RX0_IRQHandler                      0x0800027b   Thumb Code     0  startup_stm32f407xx.o(.text)
    CAN1_RX1_IRQHandler                      0x0800027b   Thumb Code     0  startup_stm32f407xx.o(.text)
    CAN1_SCE_IRQHandler                      0x0800027b   Thumb Code     0  startup_stm32f407xx.o(.text)
    CAN1_TX_IRQHandler                       0x0800027b   Thumb Code     0  startup_stm32f407xx.o(.text)
    CAN2_RX0_IRQHandler                      0x0800027b   Thumb Code     0  startup_stm32f407xx.o(.text)
    CAN2_RX1_IRQHandler                      0x0800027b   Thumb Code     0  startup_stm32f407xx.o(.text)
    CAN2_SCE_IRQHandler                      0x0800027b   Thumb Code     0  startup_stm32f407xx.o(.text)
    CAN2_TX_IRQHandler                       0x0800027b   Thumb Code     0  startup_stm32f407xx.o(.text)
    DCMI_IRQHandler                          0x0800027b   Thumb Code     0  startup_stm32f407xx.o(.text)
    DMA1_Stream0_IRQHandler                  0x0800027b   Thumb Code     0  startup_stm32f407xx.o(.text)
    DMA1_Stream1_IRQHandler                  0x0800027b   Thumb Code     0  startup_stm32f407xx.o(.text)
    DMA1_Stream2_IRQHandler                  0x0800027b   Thumb Code     0  startup_stm32f407xx.o(.text)
    DMA1_Stream3_IRQHandler                  0x0800027b   Thumb Code     0  startup_stm32f407xx.o(.text)
    DMA1_Stream4_IRQHandler                  0x0800027b   Thumb Code     0  startup_stm32f407xx.o(.text)
    DMA1_Stream5_IRQHandler                  0x0800027b   Thumb Code     0  startup_stm32f407xx.o(.text)
    DMA1_Stream6_IRQHandler                  0x0800027b   Thumb Code     0  startup_stm32f407xx.o(.text)
    DMA1_Stream7_IRQHandler                  0x0800027b   Thumb Code     0  startup_stm32f407xx.o(.text)
    DMA2_Stream0_IRQHandler                  0x0800027b   Thumb Code     0  startup_stm32f407xx.o(.text)
    DMA2_Stream1_IRQHandler                  0x0800027b   Thumb Code     0  startup_stm32f407xx.o(.text)
    DMA2_Stream2_IRQHandler                  0x0800027b   Thumb Code     0  startup_stm32f407xx.o(.text)
    DMA2_Stream3_IRQHandler                  0x0800027b   Thumb Code     0  startup_stm32f407xx.o(.text)
    DMA2_Stream4_IRQHandler                  0x0800027b   Thumb Code     0  startup_stm32f407xx.o(.text)
    DMA2_Stream5_IRQHandler                  0x0800027b   Thumb Code     0  startup_stm32f407xx.o(.text)
    DMA2_Stream6_IRQHandler                  0x0800027b   Thumb Code     0  startup_stm32f407xx.o(.text)
    DMA2_Stream7_IRQHandler                  0x0800027b   Thumb Code     0  startup_stm32f407xx.o(.text)
    ETH_IRQHandler                           0x0800027b   Thumb Code     0  startup_stm32f407xx.o(.text)
    ETH_WKUP_IRQHandler                      0x0800027b   Thumb Code     0  startup_stm32f407xx.o(.text)
    EXTI0_IRQHandler                         0x0800027b   Thumb Code     0  startup_stm32f407xx.o(.text)
    EXTI15_10_IRQHandler                     0x0800027b   Thumb Code     0  startup_stm32f407xx.o(.text)
    EXTI1_IRQHandler                         0x0800027b   Thumb Code     0  startup_stm32f407xx.o(.text)
    EXTI2_IRQHandler                         0x0800027b   Thumb Code     0  startup_stm32f407xx.o(.text)
    EXTI3_IRQHandler                         0x0800027b   Thumb Code     0  startup_stm32f407xx.o(.text)
    EXTI4_IRQHandler                         0x0800027b   Thumb Code     0  startup_stm32f407xx.o(.text)
    EXTI9_5_IRQHandler                       0x0800027b   Thumb Code     0  startup_stm32f407xx.o(.text)
    FLASH_IRQHandler                         0x0800027b   Thumb Code     0  startup_stm32f407xx.o(.text)
    FMC_IRQHandler                           0x0800027b   Thumb Code     0  startup_stm32f407xx.o(.text)
    FPU_IRQHandler                           0x0800027b   Thumb Code     0  startup_stm32f407xx.o(.text)
    HASH_RNG_IRQHandler                      0x0800027b   Thumb Code     0  startup_stm32f407xx.o(.text)
    I2C1_ER_IRQHandler                       0x0800027b   Thumb Code     0  startup_stm32f407xx.o(.text)
    I2C1_EV_IRQHandler                       0x0800027b   Thumb Code     0  startup_stm32f407xx.o(.text)
    I2C2_ER_IRQHandler                       0x0800027b   Thumb Code     0  startup_stm32f407xx.o(.text)
    I2C2_EV_IRQHandler                       0x0800027b   Thumb Code     0  startup_stm32f407xx.o(.text)
    I2C3_ER_IRQHandler                       0x0800027b   Thumb Code     0  startup_stm32f407xx.o(.text)
    I2C3_EV_IRQHandler                       0x0800027b   Thumb Code     0  startup_stm32f407xx.o(.text)
    OTG_FS_IRQHandler                        0x0800027b   Thumb Code     0  startup_stm32f407xx.o(.text)
    OTG_FS_WKUP_IRQHandler                   0x0800027b   Thumb Code     0  startup_stm32f407xx.o(.text)
    OTG_HS_EP1_IN_IRQHandler                 0x0800027b   Thumb Code     0  startup_stm32f407xx.o(.text)
    OTG_HS_EP1_OUT_IRQHandler                0x0800027b   Thumb Code     0  startup_stm32f407xx.o(.text)
    OTG_HS_IRQHandler                        0x0800027b   Thumb Code     0  startup_stm32f407xx.o(.text)
    OTG_HS_WKUP_IRQHandler                   0x0800027b   Thumb Code     0  startup_stm32f407xx.o(.text)
    PVD_IRQHandler                           0x0800027b   Thumb Code     0  startup_stm32f407xx.o(.text)
    RCC_IRQHandler                           0x0800027b   Thumb Code     0  startup_stm32f407xx.o(.text)
    RTC_Alarm_IRQHandler                     0x0800027b   Thumb Code     0  startup_stm32f407xx.o(.text)
    RTC_WKUP_IRQHandler                      0x0800027b   Thumb Code     0  startup_stm32f407xx.o(.text)
    SDIO_IRQHandler                          0x0800027b   Thumb Code     0  startup_stm32f407xx.o(.text)
    SPI1_IRQHandler                          0x0800027b   Thumb Code     0  startup_stm32f407xx.o(.text)
    SPI2_IRQHandler                          0x0800027b   Thumb Code     0  startup_stm32f407xx.o(.text)
    SPI3_IRQHandler                          0x0800027b   Thumb Code     0  startup_stm32f407xx.o(.text)
    TAMP_STAMP_IRQHandler                    0x0800027b   Thumb Code     0  startup_stm32f407xx.o(.text)
    TIM1_BRK_TIM9_IRQHandler                 0x0800027b   Thumb Code     0  startup_stm32f407xx.o(.text)
    TIM1_CC_IRQHandler                       0x0800027b   Thumb Code     0  startup_stm32f407xx.o(.text)
    TIM1_TRG_COM_TIM11_IRQHandler            0x0800027b   Thumb Code     0  startup_stm32f407xx.o(.text)
    TIM1_UP_TIM10_IRQHandler                 0x0800027b   Thumb Code     0  startup_stm32f407xx.o(.text)
    TIM2_IRQHandler                          0x0800027b   Thumb Code     0  startup_stm32f407xx.o(.text)
    TIM3_IRQHandler                          0x0800027b   Thumb Code     0  startup_stm32f407xx.o(.text)
    TIM4_IRQHandler                          0x0800027b   Thumb Code     0  startup_stm32f407xx.o(.text)
    TIM5_IRQHandler                          0x0800027b   Thumb Code     0  startup_stm32f407xx.o(.text)
    TIM8_BRK_TIM12_IRQHandler                0x0800027b   Thumb Code     0  startup_stm32f407xx.o(.text)
    TIM8_CC_IRQHandler                       0x0800027b   Thumb Code     0  startup_stm32f407xx.o(.text)
    TIM8_TRG_COM_TIM14_IRQHandler            0x0800027b   Thumb Code     0  startup_stm32f407xx.o(.text)
    TIM8_UP_TIM13_IRQHandler                 0x0800027b   Thumb Code     0  startup_stm32f407xx.o(.text)
    UART4_IRQHandler                         0x0800027b   Thumb Code     0  startup_stm32f407xx.o(.text)
    UART5_IRQHandler                         0x0800027b   Thumb Code     0  startup_stm32f407xx.o(.text)
    USART1_IRQHandler                        0x0800027b   Thumb Code     0  startup_stm32f407xx.o(.text)
    USART6_IRQHandler                        0x0800027b   Thumb Code     0  startup_stm32f407xx.o(.text)
    WWDG_IRQHandler                          0x0800027b   Thumb Code     0  startup_stm32f407xx.o(.text)
    __aeabi_uldivmod                         0x08000285   Thumb Code    98  uldiv.o(.text)
    tolower                                  0x080002e7   Thumb Code    12  tolower.o(.text)
    __aeabi_memcpy                           0x080002f3   Thumb Code    36  memcpya.o(.text)
    __aeabi_memcpy4                          0x080002f3   Thumb Code     0  memcpya.o(.text)
    __aeabi_memcpy8                          0x080002f3   Thumb Code     0  memcpya.o(.text)
    __aeabi_memset                           0x08000317   Thumb Code    14  memseta.o(.text)
    __aeabi_memset4                          0x08000317   Thumb Code     0  memseta.o(.text)
    __aeabi_memset8                          0x08000317   Thumb Code     0  memseta.o(.text)
    __aeabi_memclr                           0x08000325   Thumb Code     4  memseta.o(.text)
    __aeabi_memclr4                          0x08000325   Thumb Code     0  memseta.o(.text)
    __aeabi_memclr8                          0x08000325   Thumb Code     0  memseta.o(.text)
    memset                                   0x08000329   Thumb Code    18  memseta.o(.text)
    strlen                                   0x0800033b   Thumb Code    14  strlen.o(.text)
    strcmp                                   0x08000349   Thumb Code    28  strcmp.o(.text)
    strcpy                                   0x08000365   Thumb Code    18  strcpy.o(.text)
    strncmp                                  0x08000377   Thumb Code    30  strncmp.o(.text)
    _scanf_real                              0x080004bd   Thumb Code     0  scanf_fp.o(.text)
    _scanf_really_real                       0x080004bd   Thumb Code   556  scanf_fp.o(.text)
    __aeabi_dadd                             0x080006f5   Thumb Code   322  dadd.o(.text)
    __aeabi_dsub                             0x08000837   Thumb Code     6  dadd.o(.text)
    __aeabi_drsub                            0x0800083d   Thumb Code     6  dadd.o(.text)
    __aeabi_dmul                             0x08000843   Thumb Code   228  dmul.o(.text)
    __aeabi_ddiv                             0x08000927   Thumb Code   222  ddiv.o(.text)
    __aeabi_i2d                              0x08000a05   Thumb Code    34  dflti.o(.text)
    __aeabi_d2iz                             0x08000a27   Thumb Code    62  dfixi.o(.text)
    __aeabi_f2d                              0x08000a65   Thumb Code    38  f2d.o(.text)
    __aeabi_cdcmpeq                          0x08000a8d   Thumb Code     0  cdcmple.o(.text)
    __aeabi_cdcmple                          0x08000a8d   Thumb Code    48  cdcmple.o(.text)
    __aeabi_cdrcmple                         0x08000abd   Thumb Code    48  cdrcmple.o(.text)
    __aeabi_d2f                              0x08000aed   Thumb Code    56  d2f.o(.text)
    __aeabi_uidiv                            0x08000b25   Thumb Code     0  uidiv.o(.text)
    __aeabi_uidivmod                         0x08000b25   Thumb Code    44  uidiv.o(.text)
    __aeabi_llsl                             0x08000b51   Thumb Code    30  llshl.o(.text)
    _ll_shift_l                              0x08000b51   Thumb Code     0  llshl.o(.text)
    __aeabi_llsr                             0x08000b6f   Thumb Code    32  llushr.o(.text)
    _ll_ushift_r                             0x08000b6f   Thumb Code     0  llushr.o(.text)
    __aeabi_lasr                             0x08000b8f   Thumb Code    36  llsshr.o(.text)
    _ll_sshift_r                             0x08000b8f   Thumb Code     0  llsshr.o(.text)
    _sgetc                                   0x08000bb3   Thumb Code    30  _sgetc.o(.text)
    _sbackspace                              0x08000bd1   Thumb Code    34  _sgetc.o(.text)
    __strtod_int                             0x08000c2b   Thumb Code    90  strtod.o(.text)
    __I$use$fp                               0x08000c91   Thumb Code     0  iusefp.o(.text)
    _float_round                             0x08000c91   Thumb Code    18  fepilogue.o(.text)
    _float_epilogue                          0x08000ca3   Thumb Code    92  fepilogue.o(.text)
    _double_round                            0x08000cff   Thumb Code    30  depilogue.o(.text)
    _double_epilogue                         0x08000d1d   Thumb Code   156  depilogue.o(.text)
    __aeabi_ul2d                             0x08000db9   Thumb Code    24  dfltul.o(.text)
    __aeabi_d2ulz                            0x08000dd1   Thumb Code    48  dfixul.o(.text)
    __scatterload                            0x08000e01   Thumb Code    28  init.o(.text)
    __scatterload_rt2                        0x08000e01   Thumb Code     0  init.o(.text)
    isspace                                  0x08000e25   Thumb Code    10  isspace_c.o(.text)
    __ctype_lookup                           0x08000e31   Thumb Code    34  ctype_c.o(.text)
    BusFault_Handler                         0x08000e59   Thumb Code     2  stm32f4xx_it.o(i.BusFault_Handler)
    DebugMon_Handler                         0x08000e5b   Thumb Code     2  stm32f4xx_it.o(i.DebugMon_Handler)
    Error_Handler                            0x08000e5d   Thumb Code     4  main.o(i.Error_Handler)
    HAL_DMA_Abort                            0x08000e61   Thumb Code   146  stm32f4xx_hal_dma.o(i.HAL_DMA_Abort)
    HAL_DMA_Abort_IT                         0x08000ef3   Thumb Code    36  stm32f4xx_hal_dma.o(i.HAL_DMA_Abort_IT)
    HAL_GPIO_Init                            0x08000f19   Thumb Code   450  stm32f4xx_hal_gpio.o(i.HAL_GPIO_Init)
    HAL_GPIO_WritePin                        0x08001109   Thumb Code    10  stm32f4xx_hal_gpio.o(i.HAL_GPIO_WritePin)
    HAL_GetTick                              0x08001115   Thumb Code     6  stm32f4xx_hal.o(i.HAL_GetTick)
    HAL_I2C_Init                             0x08001121   Thumb Code   376  stm32f4xx_hal_i2c.o(i.HAL_I2C_Init)
    HAL_I2C_MspInit                          0x080012a9   Thumb Code   208  i2c.o(i.HAL_I2C_MspInit)
    HAL_IncTick                              0x08001391   Thumb Code    12  stm32f4xx_hal.o(i.HAL_IncTick)
    HAL_Init                                 0x080013a1   Thumb Code    48  stm32f4xx_hal.o(i.HAL_Init)
    HAL_InitTick                             0x080013d5   Thumb Code    54  stm32f4xx_hal.o(i.HAL_InitTick)
    HAL_MspInit                              0x08001415   Thumb Code    52  stm32f4xx_hal_msp.o(i.HAL_MspInit)
    HAL_NVIC_EnableIRQ                       0x0800144d   Thumb Code    26  stm32f4xx_hal_cortex.o(i.HAL_NVIC_EnableIRQ)
    HAL_NVIC_SetPriority                     0x08001469   Thumb Code    60  stm32f4xx_hal_cortex.o(i.HAL_NVIC_SetPriority)
    HAL_NVIC_SetPriorityGrouping             0x080014a9   Thumb Code    26  stm32f4xx_hal_cortex.o(i.HAL_NVIC_SetPriorityGrouping)
    HAL_RCC_ClockConfig                      0x080014cd   Thumb Code   288  stm32f4xx_hal_rcc.o(i.HAL_RCC_ClockConfig)
    HAL_RCC_GetPCLK1Freq                     0x08001601   Thumb Code    20  stm32f4xx_hal_rcc.o(i.HAL_RCC_GetPCLK1Freq)
    HAL_RCC_GetPCLK2Freq                     0x08001621   Thumb Code    20  stm32f4xx_hal_rcc.o(i.HAL_RCC_GetPCLK2Freq)
    HAL_RCC_GetSysClockFreq                  0x08001641   Thumb Code    88  stm32f4xx_hal_rcc.o(i.HAL_RCC_GetSysClockFreq)
    HAL_RCC_OscConfig                        0x080016a5   Thumb Code   856  stm32f4xx_hal_rcc.o(i.HAL_RCC_OscConfig)
    HAL_SYSTICK_Config                       0x08001a11   Thumb Code    40  stm32f4xx_hal_cortex.o(i.HAL_SYSTICK_Config)
    HAL_TIMEx_BreakCallback                  0x08001a39   Thumb Code     2  stm32f4xx_hal_tim_ex.o(i.HAL_TIMEx_BreakCallback)
    HAL_TIMEx_CommutCallback                 0x08001a3b   Thumb Code     2  stm32f4xx_hal_tim_ex.o(i.HAL_TIMEx_CommutCallback)
    HAL_TIMEx_MasterConfigSynchronization    0x08001a3d   Thumb Code   116  stm32f4xx_hal_tim_ex.o(i.HAL_TIMEx_MasterConfigSynchronization)
    HAL_TIM_Base_Init                        0x08001acd   Thumb Code    90  stm32f4xx_hal_tim.o(i.HAL_TIM_Base_Init)
    HAL_TIM_Base_MspInit                     0x08001b29   Thumb Code   130  tim.o(i.HAL_TIM_Base_MspInit)
    HAL_TIM_Base_Start_IT                    0x08001bc1   Thumb Code   100  stm32f4xx_hal_tim.o(i.HAL_TIM_Base_Start_IT)
    HAL_TIM_Encoder_Init                     0x08001c41   Thumb Code   164  stm32f4xx_hal_tim.o(i.HAL_TIM_Encoder_Init)
    HAL_TIM_Encoder_MspInit                  0x08001ce5   Thumb Code   142  tim.o(i.HAL_TIM_Encoder_MspInit)
    HAL_TIM_Encoder_Start                    0x08001d89   Thumb Code   142  stm32f4xx_hal_tim.o(i.HAL_TIM_Encoder_Start)
    HAL_TIM_IC_CaptureCallback               0x08001e17   Thumb Code     2  stm32f4xx_hal_tim.o(i.HAL_TIM_IC_CaptureCallback)
    HAL_TIM_IRQHandler                       0x08001e19   Thumb Code   358  stm32f4xx_hal_tim.o(i.HAL_TIM_IRQHandler)
    HAL_TIM_MspPostInit                      0x08001f81   Thumb Code   110  tim.o(i.HAL_TIM_MspPostInit)
    HAL_TIM_OC_DelayElapsedCallback          0x08002005   Thumb Code     2  stm32f4xx_hal_tim.o(i.HAL_TIM_OC_DelayElapsedCallback)
    HAL_TIM_PWM_ConfigChannel                0x08002007   Thumb Code   204  stm32f4xx_hal_tim.o(i.HAL_TIM_PWM_ConfigChannel)
    HAL_TIM_PWM_Init                         0x080020d3   Thumb Code    90  stm32f4xx_hal_tim.o(i.HAL_TIM_PWM_Init)
    HAL_TIM_PWM_MspInit                      0x0800212d   Thumb Code     2  stm32f4xx_hal_tim.o(i.HAL_TIM_PWM_MspInit)
    HAL_TIM_PWM_PulseFinishedCallback        0x0800212f   Thumb Code     2  stm32f4xx_hal_tim.o(i.HAL_TIM_PWM_PulseFinishedCallback)
    HAL_TIM_PWM_Start                        0x08002131   Thumb Code   172  stm32f4xx_hal_tim.o(i.HAL_TIM_PWM_Start)
    HAL_TIM_PeriodElapsedCallback            0x080021f9   Thumb Code    40  main.o(i.HAL_TIM_PeriodElapsedCallback)
    HAL_TIM_TriggerCallback                  0x0800222d   Thumb Code     2  stm32f4xx_hal_tim.o(i.HAL_TIM_TriggerCallback)
    HAL_UARTEx_RxEventCallback               0x0800222f   Thumb Code     2  stm32f4xx_hal_uart.o(i.HAL_UARTEx_RxEventCallback)
    HAL_UART_ErrorCallback                   0x08002231   Thumb Code     2  stm32f4xx_hal_uart.o(i.HAL_UART_ErrorCallback)
    HAL_UART_IRQHandler                      0x08002235   Thumb Code   610  stm32f4xx_hal_uart.o(i.HAL_UART_IRQHandler)
    HAL_UART_Init                            0x0800249d   Thumb Code    98  stm32f4xx_hal_uart.o(i.HAL_UART_Init)
    HAL_UART_MspInit                         0x08002501   Thumb Code   246  usart.o(i.HAL_UART_MspInit)
    HAL_UART_Receive_IT                      0x08002611   Thumb Code    42  stm32f4xx_hal_uart.o(i.HAL_UART_Receive_IT)
    HAL_UART_RxCpltCallback                  0x0800263d   Thumb Code   198  usart.o(i.HAL_UART_RxCpltCallback)
    HAL_UART_Transmit                        0x0800273d   Thumb Code   178  stm32f4xx_hal_uart.o(i.HAL_UART_Transmit)
    HAL_UART_TxCpltCallback                  0x080027ef   Thumb Code     2  stm32f4xx_hal_uart.o(i.HAL_UART_TxCpltCallback)
    HardFault_Handler                        0x080027f1   Thumb Code     2  stm32f4xx_it.o(i.HardFault_Handler)
    Location_Speed_control                   0x080027f5   Thumb Code    82  control.o(i.Location_Speed_control)
    MX_FREERTOS_Init                         0x08002855   Thumb Code    74  freertos.o(i.MX_FREERTOS_Init)
    MX_GPIO_Init                             0x080028a9   Thumb Code   148  gpio.o(i.MX_GPIO_Init)
    MX_I2C1_Init                             0x08002945   Thumb Code    50  i2c.o(i.MX_I2C1_Init)
    MX_I2C3_Init                             0x08002985   Thumb Code    50  i2c.o(i.MX_I2C3_Init)
    MX_TIM13_Init                            0x080029c5   Thumb Code    94  tim.o(i.MX_TIM13_Init)
    MX_TIM14_Init                            0x08002a2d   Thumb Code    94  tim.o(i.MX_TIM14_Init)
    MX_TIM3_Init                             0x08002a95   Thumb Code   102  tim.o(i.MX_TIM3_Init)
    MX_TIM4_Init                             0x08002b05   Thumb Code    98  tim.o(i.MX_TIM4_Init)
    MX_TIM6_Init                             0x08002b71   Thumb Code    62  tim.o(i.MX_TIM6_Init)
    MX_TIM7_Init                             0x08002bb9   Thumb Code    60  tim.o(i.MX_TIM7_Init)
    MX_USART1_UART_Init                      0x08002bfd   Thumb Code    48  usart.o(i.MX_USART1_UART_Init)
    MX_USART2_UART_Init                      0x08002c35   Thumb Code    54  usart.o(i.MX_USART2_UART_Init)
    MX_USART3_UART_Init                      0x08002c79   Thumb Code    54  usart.o(i.MX_USART3_UART_Init)
    MemManage_Handler                        0x08002cbd   Thumb Code     2  stm32f4xx_it.o(i.MemManage_Handler)
    NMI_Handler                              0x08002cbf   Thumb Code     2  stm32f4xx_it.o(i.NMI_Handler)
    PID_param_init                           0x08002cc1   Thumb Code   146  pid.o(i.PID_param_init)
    Read_Encoder                             0x08002d65   Thumb Code   110  encoder.o(i.Read_Encoder)
    Set_Motor_L_Back                         0x08002de1   Thumb Code    28  control.o(i.Set_Motor_L_Back)
    Set_Motor_L_Forward                      0x08002e01   Thumb Code    28  control.o(i.Set_Motor_L_Forward)
    Set_Motor_R_Back                         0x08002e21   Thumb Code    28  control.o(i.Set_Motor_R_Back)
    Set_Motor_R_Forward                      0x08002e41   Thumb Code    28  control.o(i.Set_Motor_R_Forward)
    Set_PWM_L                                0x08002e61   Thumb Code    32  control.o(i.Set_PWM_L)
    Set_PWM_R                                0x08002e85   Thumb Code    32  control.o(i.Set_PWM_R)
    StartDefaultTask                         0x08002ea9   Thumb Code    40  freertos.o(i.StartDefaultTask)
    StartTask02                              0x08002ee1   Thumb Code     8  freertos.o(i.StartTask02)
    StartTask03                              0x08002ee9   Thumb Code   108  freertos.o(i.StartTask03)
    SysTick_Handler                          0x08002f89   Thumb Code    24  stm32f4xx_it.o(i.SysTick_Handler)
    SystemClock_Config                       0x08002fa1   Thumb Code   140  main.o(i.SystemClock_Config)
    SystemInit                               0x08003035   Thumb Code    12  system_stm32f4xx.o(i.SystemInit)
    TIM6_DAC_IRQHandler                      0x08003045   Thumb Code     6  stm32f4xx_it.o(i.TIM6_DAC_IRQHandler)
    TIM7_IRQHandler                          0x08003051   Thumb Code     6  stm32f4xx_it.o(i.TIM7_IRQHandler)
    TIM_Base_SetConfig                       0x0800305d   Thumb Code   156  stm32f4xx_hal_tim.o(i.TIM_Base_SetConfig)
    TIM_CCxChannelCmd                        0x08003125   Thumb Code    26  stm32f4xx_hal_tim.o(i.TIM_CCxChannelCmd)
    TIM_OC2_SetConfig                        0x080031a1   Thumb Code    98  stm32f4xx_hal_tim.o(i.TIM_OC2_SetConfig)
    UART_Start_Receive_IT                    0x080034f1   Thumb Code    58  stm32f4xx_hal_uart.o(i.UART_Start_Receive_IT)
    USART2Printf                             0x080035a5   Thumb Code    38  usart.o(i.USART2Printf)
    USART2_IRQHandler                        0x080035d1   Thumb Code     6  stm32f4xx_it.o(i.USART2_IRQHandler)
    USART3_IRQHandler                        0x080035dd   Thumb Code     6  stm32f4xx_it.o(i.USART3_IRQHandler)
    UsageFault_Handler                       0x080035e9   Thumb Code     2  stm32f4xx_it.o(i.UsageFault_Handler)
    __0printf                                0x080035ed   Thumb Code    22  printfa.o(i.__0printf)
    __1printf                                0x080035ed   Thumb Code     0  printfa.o(i.__0printf)
    __2printf                                0x080035ed   Thumb Code     0  printfa.o(i.__0printf)
    __c89printf                              0x080035ed   Thumb Code     0  printfa.o(i.__0printf)
    printf                                   0x080035ed   Thumb Code     0  printfa.o(i.__0printf)
    __0vsprintf                              0x0800360d   Thumb Code    30  printfa.o(i.__0vsprintf)
    __1vsprintf                              0x0800360d   Thumb Code     0  printfa.o(i.__0vsprintf)
    __2vsprintf                              0x0800360d   Thumb Code     0  printfa.o(i.__0vsprintf)
    __c89vsprintf                            0x0800360d   Thumb Code     0  printfa.o(i.__0vsprintf)
    vsprintf                                 0x0800360d   Thumb Code     0  printfa.o(i.__0vsprintf)
    free                                     0x08003651   Thumb Code    88  mallocr.o(i.__free$realloc)
    __hardfp_atof                            0x080036b1   Thumb Code    44  atof.o(i.__hardfp_atof)
    __hardfp_strtod                          0x080036e9   Thumb Code    30  strtod.o(i.__hardfp_strtod)
    malloc                                   0x08003711   Thumb Code    64  mallocr.o(i.__malloc$realloc)
    __read_errno                             0x08003761   Thumb Code     6  errno.o(i.__read_errno)
    __scatterload_copy                       0x0800376d   Thumb Code    14  handlers.o(i.__scatterload_copy)
    __scatterload_null                       0x0800377b   Thumb Code     2  handlers.o(i.__scatterload_null)
    __scatterload_zeroinit                   0x0800377d   Thumb Code    14  handlers.o(i.__scatterload_zeroinit)
    __set_errno                              0x0800378d   Thumb Code     6  errno.o(i.__set_errno)
    _is_digit                                0x0800391d   Thumb Code    14  scanf_fp.o(i._is_digit)
    cJSON_Delete                             0x08004069   Thumb Code    66  cjson.o(i.cJSON_Delete)
    cJSON_GetObjectItem                      0x080040b1   Thumb Code     6  cjson.o(i.cJSON_GetObjectItem)
    cJSON_Parse                              0x080040cd   Thumb Code     8  cjson.o(i.cJSON_Parse)
    cJSON_ParseWithOpts                      0x080040d5   Thumb Code   218  cjson.o(i.cJSON_ParseWithOpts)
    calculation_pulse                        0x080041b9   Thumb Code    56  control.o(i.calculation_pulse)
    fputc                                    0x08004209   Thumb Code    14  main.o(i.fputc)
    json_Parse                               0x080042e9   Thumb Code   176  parsejson.o(i.json_Parse)
    location_pid_L_control                   0x080043e5   Thumb Code    90  control.o(i.location_pid_L_control)
    location_pid_L_realize                   0x08004481   Thumb Code   112  pid.o(i.location_pid_L_realize)
    location_pid_R_control                   0x08004501   Thumb Code    92  control.o(i.location_pid_R_control)
    location_pid_R_realize                   0x080045a1   Thumb Code   160  pid.o(i.location_pid_R_realize)
    main                                     0x08004671   Thumb Code    82  main.o(i.main)
    osDelay                                  0x080046d9   Thumb Code    14  cmsis_os.o(i.osDelay)
    osKernelStart                            0x080046e7   Thumb Code    10  cmsis_os.o(i.osKernelStart)
    osThreadCreate                           0x080046f1   Thumb Code    84  cmsis_os.o(i.osThreadCreate)
    pvPortMalloc                             0x08004fad   Thumb Code   216  heap_4.o(i.pvPortMalloc)
    pxPortInitialiseStack                    0x08005089   Thumb Code    40  port.o(i.pxPortInitialiseStack)
    realloc                                  0x080050b5   Thumb Code   102  mallocr.o(i.realloc)
    set_pid_target                           0x08005121   Thumb Code     6  pid.o(i.set_pid_target)
    speed_pid_L_control                      0x08005129   Thumb Code    70  control.o(i.speed_pid_L_control)
    speed_pid_L_realize                      0x08005189   Thumb Code   104  pid.o(i.speed_pid_L_realize)
    speed_pid_R_control                      0x08005201   Thumb Code    70  control.o(i.speed_pid_R_control)
    speed_pid_R_realize                      0x08005261   Thumb Code   104  pid.o(i.speed_pid_R_realize)
    uxListRemove                             0x080053ab   Thumb Code    38  list.o(i.uxListRemove)
    vApplicationGetIdleTaskMemory            0x080053d1   Thumb Code    16  freertos.o(i.vApplicationGetIdleTaskMemory)
    vListInitialise                          0x080053e5   Thumb Code    22  list.o(i.vListInitialise)
    vListInitialiseItem                      0x080053fb   Thumb Code     6  list.o(i.vListInitialiseItem)
    vListInsert                              0x08005401   Thumb Code    48  list.o(i.vListInsert)
    vListInsertEnd                           0x08005431   Thumb Code    24  list.o(i.vListInsertEnd)
    vPortEnterCritical                       0x08005449   Thumb Code    54  port.o(i.vPortEnterCritical)
    vPortExitCritical                        0x08005489   Thumb Code    34  port.o(i.vPortExitCritical)
    vPortFree                                0x080054b1   Thumb Code    94  heap_4.o(i.vPortFree)
    vPortSetupTimerInterrupt                 0x08005515   Thumb Code    32  port.o(i.vPortSetupTimerInterrupt)
    vTaskDelay                               0x08005539   Thumb Code    66  tasks.o(i.vTaskDelay)
    vTaskStartScheduler                      0x08005585   Thumb Code    90  tasks.o(i.vTaskStartScheduler)
    vTaskSuspendAll                          0x080055f1   Thumb Code    10  tasks.o(i.vTaskSuspendAll)
    vTaskSwitchContext                       0x08005601   Thumb Code    82  tasks.o(i.vTaskSwitchContext)
    xPortStartScheduler                      0x0800565d   Thumb Code   222  port.o(i.xPortStartScheduler)
    xPortSysTickHandler                      0x08005751   Thumb Code    38  port.o(i.xPortSysTickHandler)
    xTaskCreate                              0x0800577d   Thumb Code    90  tasks.o(i.xTaskCreate)
    xTaskCreateStatic                        0x080057d7   Thumb Code    86  tasks.o(i.xTaskCreateStatic)
    xTaskGetSchedulerState                   0x0800582d   Thumb Code    22  tasks.o(i.xTaskGetSchedulerState)
    xTaskIncrementTick                       0x08005849   Thumb Code   194  tasks.o(i.xTaskIncrementTick)
    xTaskResumeAll                           0x08005915   Thumb Code   182  tasks.o(i.xTaskResumeAll)
    AHBPrescTable                            0x08005a2c   Data          16  system_stm32f4xx.o(.constdata)
    APBPrescTable                            0x08005a3c   Data           8  system_stm32f4xx.o(.constdata)
    __ctype_categories                       0x08005a44   Data          64  ctype_c.o(.constdata)
    Region$$Table$$Base                      0x08005aa8   Number         0  anon$$obj.o(Region$$Table)
    Region$$Table$$Limit                     0x08005ac8   Number         0  anon$$obj.o(Region$$Table)
    defaultTaskHandle                        0x20000000   Data           4  freertos.o(.data)
    myTask02Handle                           0x20000004   Data           4  freertos.o(.data)
    myTask03Handle                           0x20000008   Data           4  freertos.o(.data)
    USART2_RxLine                            0x2000000c   Data           1  usart.o(.data)
    USART3_RxLine                            0x2000000d   Data           1  usart.o(.data)
    USART2_START                             0x2000000e   Data           1  usart.o(.data)
    USART2_flag                              0x2000000f   Data           1  usart.o(.data)
    USART3_flag                              0x20000010   Data           1  usart.o(.data)
    USART2_RecieveBuffer                     0x20000011   Data           1  usart.o(.data)
    USART3_RecieveBuffer                     0x20000012   Data           1  usart.o(.data)
    uwTickFreq                               0x20000014   Data           1  stm32f4xx_hal.o(.data)
    uwTickPrio                               0x20000018   Data           4  stm32f4xx_hal.o(.data)
    uwTick                                   0x2000001c   Data           4  stm32f4xx_hal.o(.data)
    SystemCoreClock                          0x20000020   Data           4  system_stm32f4xx.o(.data)
    location_control_count                   0x20000024   Data           1  control.o(.data)
    PWM_L                                    0x20000028   Data           4  control.o(.data)
    PWM_R                                    0x2000002c   Data           4  control.o(.data)
    Vel_L                                    0x20000030   Data           4  control.o(.data)
    Vel_R                                    0x20000034   Data           4  control.o(.data)
    EncoderData_L_SUM                        0x20000038   Data           4  encoder.o(.data)
    EncoderData_R_SUM                        0x2000003c   Data           4  encoder.o(.data)
    EncoderData_L                            0x20000040   Data           4  encoder.o(.data)
    EncoderData_R                            0x20000044   Data           4  encoder.o(.data)
    Direction_L                              0x20000048   Data           4  encoder.o(.data)
    Direction_R                              0x2000004c   Data           4  encoder.o(.data)
    one                                      0x20000064   Data           5  parsejson.o(.data)
    two                                      0x20000069   Data           5  parsejson.o(.data)
    three                                    0x2000006e   Data           5  parsejson.o(.data)
    four                                     0x20000073   Data           5  parsejson.o(.data)
    five                                     0x20000078   Data           5  parsejson.o(.data)
    six                                      0x2000007d   Data           5  parsejson.o(.data)
    one_k210                                 0x20000082   Data           5  parsejson.o(.data)
    two_k210                                 0x20000087   Data           5  parsejson.o(.data)
    three_k210                               0x2000008c   Data           5  parsejson.o(.data)
    pxCurrentTCB                             0x20000094   Data           4  tasks.o(.data)
    __stdout                                 0x200000fc   Data           4  stdout.o(.data)
    __microlib_freelist                      0x20000100   Data           4  mvars.o(.data)
    __microlib_freelist_initialised          0x20000104   Data           4  mvars.o(.data)
    ESP32_Buffer                             0x2000010c   Data         255  freertos.o(.bss)
    hi2c1                                    0x20000460   Data          84  i2c.o(.bss)
    hi2c3                                    0x200004b4   Data          84  i2c.o(.bss)
    htim3                                    0x20000508   Data          72  tim.o(.bss)
    htim4                                    0x20000550   Data          72  tim.o(.bss)
    htim6                                    0x20000598   Data          72  tim.o(.bss)
    htim7                                    0x200005e0   Data          72  tim.o(.bss)
    htim13                                   0x20000628   Data          72  tim.o(.bss)
    htim14                                   0x20000670   Data          72  tim.o(.bss)
    USART2_Buffer                            0x2000071c   Data         255  usart.o(.bss)
    USART3_Buffer                            0x2000081b   Data         255  usart.o(.bss)
    huart1                                   0x2000091c   Data          68  usart.o(.bss)
    huart2                                   0x20000960   Data          68  usart.o(.bss)
    huart3                                   0x200009a4   Data          68  usart.o(.bss)
    pid_speed_L                              0x200009e8   Data          32  pid.o(.bss)
    pid_speed_R                              0x20000a08   Data          32  pid.o(.bss)
    pid_location_L                           0x20000a28   Data          32  pid.o(.bss)
    pid_location_R                           0x20000a48   Data          32  pid.o(.bss)
    __heap_base                              0x20004758   Data           0  startup_stm32f407xx.o(HEAP)
    __heap_limit                             0x20004958   Data           0  startup_stm32f407xx.o(HEAP)
    __initial_sp                             0x20004d58   Data           0  startup_stm32f407xx.o(STACK)



==============================================================================

Memory Map of the image

  Image Entry point : 0x08000189

  Load Region LR_IROM1 (Base: 0x08000000, Size: 0x00005bd4, Max: 0x00080000, ABSOLUTE)

    Execution Region ER_IROM1 (Exec base: 0x08000000, Load base: 0x08000000, Size: 0x00005ac8, Max: 0x00080000, ABSOLUTE)

    Exec Addr    Load Addr    Size         Type   Attr      Idx    E Section Name        Object

    0x08000000   0x08000000   0x00000188   Data   RO            3    RESET               startup_stm32f407xx.o
    0x08000188   0x08000188   0x00000000   Code   RO         6502  * .ARM.Collect$$$$00000000  mc_w.l(entry.o)
    0x08000188   0x08000188   0x00000004   Code   RO         6893    .ARM.Collect$$$$00000001  mc_w.l(entry2.o)
    0x0800018c   0x0800018c   0x00000004   Code   RO         6896    .ARM.Collect$$$$00000004  mc_w.l(entry5.o)
    0x08000190   0x08000190   0x00000000   Code   RO         6898    .ARM.Collect$$$$00000008  mc_w.l(entry7b.o)
    0x08000190   0x08000190   0x00000000   Code   RO         6900    .ARM.Collect$$$$0000000A  mc_w.l(entry8b.o)
    0x08000190   0x08000190   0x00000008   Code   RO         6901    .ARM.Collect$$$$0000000B  mc_w.l(entry9a.o)
    0x08000198   0x08000198   0x00000004   Code   RO         6908    .ARM.Collect$$$$0000000E  mc_w.l(entry12b.o)
    0x0800019c   0x0800019c   0x00000000   Code   RO         6903    .ARM.Collect$$$$0000000F  mc_w.l(entry10a.o)
    0x0800019c   0x0800019c   0x00000000   Code   RO         6905    .ARM.Collect$$$$00000011  mc_w.l(entry11a.o)
    0x0800019c   0x0800019c   0x00000004   Code   RO         6894    .ARM.Collect$$$$00002712  mc_w.l(entry2.o)
    0x080001a0   0x080001a0   0x000000be   Code   RO         6387    .emb_text           port.o
    0x0800025e   0x0800025e   0x00000002   PAD
    0x08000260   0x08000260   0x00000024   Code   RO            4    .text               startup_stm32f407xx.o
    0x08000284   0x08000284   0x00000062   Code   RO         6505    .text               mc_w.l(uldiv.o)
    0x080002e6   0x080002e6   0x0000000c   Code   RO         6509    .text               mc_w.l(tolower.o)
    0x080002f2   0x080002f2   0x00000024   Code   RO         6511    .text               mc_w.l(memcpya.o)
    0x08000316   0x08000316   0x00000024   Code   RO         6515    .text               mc_w.l(memseta.o)
    0x0800033a   0x0800033a   0x0000000e   Code   RO         6517    .text               mc_w.l(strlen.o)
    0x08000348   0x08000348   0x0000001c   Code   RO         6519    .text               mc_w.l(strcmp.o)
    0x08000364   0x08000364   0x00000012   Code   RO         6523    .text               mc_w.l(strcpy.o)
    0x08000376   0x08000376   0x0000001e   Code   RO         6525    .text               mc_w.l(strncmp.o)
    0x08000394   0x08000394   0x00000360   Code   RO         6820    .text               mc_w.l(scanf_fp.o)
    0x080006f4   0x080006f4   0x0000014e   Code   RO         6824    .text               mf_w.l(dadd.o)
    0x08000842   0x08000842   0x000000e4   Code   RO         6826    .text               mf_w.l(dmul.o)
    0x08000926   0x08000926   0x000000de   Code   RO         6828    .text               mf_w.l(ddiv.o)
    0x08000a04   0x08000a04   0x00000022   Code   RO         6830    .text               mf_w.l(dflti.o)
    0x08000a26   0x08000a26   0x0000003e   Code   RO         6832    .text               mf_w.l(dfixi.o)
    0x08000a64   0x08000a64   0x00000026   Code   RO         6834    .text               mf_w.l(f2d.o)
    0x08000a8a   0x08000a8a   0x00000002   PAD
    0x08000a8c   0x08000a8c   0x00000030   Code   RO         6836    .text               mf_w.l(cdcmple.o)
    0x08000abc   0x08000abc   0x00000030   Code   RO         6838    .text               mf_w.l(cdrcmple.o)
    0x08000aec   0x08000aec   0x00000038   Code   RO         6840    .text               mf_w.l(d2f.o)
    0x08000b24   0x08000b24   0x0000002c   Code   RO         6910    .text               mc_w.l(uidiv.o)
    0x08000b50   0x08000b50   0x0000001e   Code   RO         6912    .text               mc_w.l(llshl.o)
    0x08000b6e   0x08000b6e   0x00000020   Code   RO         6914    .text               mc_w.l(llushr.o)
    0x08000b8e   0x08000b8e   0x00000024   Code   RO         6916    .text               mc_w.l(llsshr.o)
    0x08000bb2   0x08000bb2   0x00000040   Code   RO         6929    .text               mc_w.l(_sgetc.o)
    0x08000bf2   0x08000bf2   0x00000002   PAD
    0x08000bf4   0x08000bf4   0x0000009c   Code   RO         6931    .text               mc_w.l(strtod.o)
    0x08000c90   0x08000c90   0x00000000   Code   RO         6933    .text               mc_w.l(iusefp.o)
    0x08000c90   0x08000c90   0x0000006e   Code   RO         6934    .text               mf_w.l(fepilogue.o)
    0x08000cfe   0x08000cfe   0x000000ba   Code   RO         6936    .text               mf_w.l(depilogue.o)
    0x08000db8   0x08000db8   0x00000018   Code   RO         6940    .text               mf_w.l(dfltul.o)
    0x08000dd0   0x08000dd0   0x00000030   Code   RO         6942    .text               mf_w.l(dfixul.o)
    0x08000e00   0x08000e00   0x00000024   Code   RO         6944    .text               mc_w.l(init.o)
    0x08000e24   0x08000e24   0x0000000a   Code   RO         6946    .text               mc_w.l(isspace_c.o)
    0x08000e2e   0x08000e2e   0x00000002   PAD
    0x08000e30   0x08000e30   0x00000028   Code   RO         6952    .text               mc_w.l(ctype_c.o)
    0x08000e58   0x08000e58   0x00000002   Code   RO          567    i.BusFault_Handler  stm32f4xx_it.o
    0x08000e5a   0x08000e5a   0x00000002   Code   RO          568    i.DebugMon_Handler  stm32f4xx_it.o
    0x08000e5c   0x08000e5c   0x00000004   Code   RO           13    i.Error_Handler     main.o
    0x08000e60   0x08000e60   0x00000092   Code   RO         1145    i.HAL_DMA_Abort     stm32f4xx_hal_dma.o
    0x08000ef2   0x08000ef2   0x00000024   Code   RO         1146    i.HAL_DMA_Abort_IT  stm32f4xx_hal_dma.o
    0x08000f16   0x08000f16   0x00000002   PAD
    0x08000f18   0x08000f18   0x000001f0   Code   RO         1038    i.HAL_GPIO_Init     stm32f4xx_hal_gpio.o
    0x08001108   0x08001108   0x0000000a   Code   RO         1042    i.HAL_GPIO_WritePin  stm32f4xx_hal_gpio.o
    0x08001112   0x08001112   0x00000002   PAD
    0x08001114   0x08001114   0x0000000c   Code   RO         1570    i.HAL_GetTick       stm32f4xx_hal.o
    0x08001120   0x08001120   0x00000188   Code   RO         1826    i.HAL_I2C_Init      stm32f4xx_hal_i2c.o
    0x080012a8   0x080012a8   0x000000e8   Code   RO          355    i.HAL_I2C_MspInit   i2c.o
    0x08001390   0x08001390   0x00000010   Code   RO         1576    i.HAL_IncTick       stm32f4xx_hal.o
    0x080013a0   0x080013a0   0x00000034   Code   RO         1577    i.HAL_Init          stm32f4xx_hal.o
    0x080013d4   0x080013d4   0x00000040   Code   RO         1578    i.HAL_InitTick      stm32f4xx_hal.o
    0x08001414   0x08001414   0x00000038   Code   RO          659    i.HAL_MspInit       stm32f4xx_hal_msp.o
    0x0800144c   0x0800144c   0x0000001a   Code   RO         1427    i.HAL_NVIC_EnableIRQ  stm32f4xx_hal_cortex.o
    0x08001466   0x08001466   0x00000002   PAD
    0x08001468   0x08001468   0x00000040   Code   RO         1433    i.HAL_NVIC_SetPriority  stm32f4xx_hal_cortex.o
    0x080014a8   0x080014a8   0x00000024   Code   RO         1434    i.HAL_NVIC_SetPriorityGrouping  stm32f4xx_hal_cortex.o
    0x080014cc   0x080014cc   0x00000134   Code   RO          684    i.HAL_RCC_ClockConfig  stm32f4xx_hal_rcc.o
    0x08001600   0x08001600   0x00000020   Code   RO          691    i.HAL_RCC_GetPCLK1Freq  stm32f4xx_hal_rcc.o
    0x08001620   0x08001620   0x00000020   Code   RO          692    i.HAL_RCC_GetPCLK2Freq  stm32f4xx_hal_rcc.o
    0x08001640   0x08001640   0x00000064   Code   RO          693    i.HAL_RCC_GetSysClockFreq  stm32f4xx_hal_rcc.o
    0x080016a4   0x080016a4   0x0000036c   Code   RO          696    i.HAL_RCC_OscConfig  stm32f4xx_hal_rcc.o
    0x08001a10   0x08001a10   0x00000028   Code   RO         1438    i.HAL_SYSTICK_Config  stm32f4xx_hal_cortex.o
    0x08001a38   0x08001a38   0x00000002   Code   RO         2971    i.HAL_TIMEx_BreakCallback  stm32f4xx_hal_tim_ex.o
    0x08001a3a   0x08001a3a   0x00000002   Code   RO         2972    i.HAL_TIMEx_CommutCallback  stm32f4xx_hal_tim_ex.o
    0x08001a3c   0x08001a3c   0x00000090   Code   RO         2990    i.HAL_TIMEx_MasterConfigSynchronization  stm32f4xx_hal_tim_ex.o
    0x08001acc   0x08001acc   0x0000005a   Code   RO         2267    i.HAL_TIM_Base_Init  stm32f4xx_hal_tim.o
    0x08001b26   0x08001b26   0x00000002   PAD
    0x08001b28   0x08001b28   0x00000098   Code   RO          403    i.HAL_TIM_Base_MspInit  tim.o
    0x08001bc0   0x08001bc0   0x00000080   Code   RO         2272    i.HAL_TIM_Base_Start_IT  stm32f4xx_hal_tim.o
    0x08001c40   0x08001c40   0x000000a4   Code   RO         2288    i.HAL_TIM_Encoder_Init  stm32f4xx_hal_tim.o
    0x08001ce4   0x08001ce4   0x000000a4   Code   RO          405    i.HAL_TIM_Encoder_MspInit  tim.o
    0x08001d88   0x08001d88   0x0000008e   Code   RO         2291    i.HAL_TIM_Encoder_Start  stm32f4xx_hal_tim.o
    0x08001e16   0x08001e16   0x00000002   Code   RO         2301    i.HAL_TIM_IC_CaptureCallback  stm32f4xx_hal_tim.o
    0x08001e18   0x08001e18   0x00000166   Code   RO         2315    i.HAL_TIM_IRQHandler  stm32f4xx_hal_tim.o
    0x08001f7e   0x08001f7e   0x00000002   PAD
    0x08001f80   0x08001f80   0x00000084   Code   RO          406    i.HAL_TIM_MspPostInit  tim.o
    0x08002004   0x08002004   0x00000002   Code   RO         2318    i.HAL_TIM_OC_DelayElapsedCallback  stm32f4xx_hal_tim.o
    0x08002006   0x08002006   0x000000cc   Code   RO         2339    i.HAL_TIM_PWM_ConfigChannel  stm32f4xx_hal_tim.o
    0x080020d2   0x080020d2   0x0000005a   Code   RO         2342    i.HAL_TIM_PWM_Init  stm32f4xx_hal_tim.o
    0x0800212c   0x0800212c   0x00000002   Code   RO         2344    i.HAL_TIM_PWM_MspInit  stm32f4xx_hal_tim.o
    0x0800212e   0x0800212e   0x00000002   Code   RO         2345    i.HAL_TIM_PWM_PulseFinishedCallback  stm32f4xx_hal_tim.o
    0x08002130   0x08002130   0x000000c8   Code   RO         2347    i.HAL_TIM_PWM_Start  stm32f4xx_hal_tim.o
    0x080021f8   0x080021f8   0x00000034   Code   RO           14    i.HAL_TIM_PeriodElapsedCallback  main.o
    0x0800222c   0x0800222c   0x00000002   Code   RO         2358    i.HAL_TIM_TriggerCallback  stm32f4xx_hal_tim.o
    0x0800222e   0x0800222e   0x00000002   Code   RO         3249    i.HAL_UARTEx_RxEventCallback  stm32f4xx_hal_uart.o
    0x08002230   0x08002230   0x00000002   Code   RO         3263    i.HAL_UART_ErrorCallback  stm32f4xx_hal_uart.o
    0x08002232   0x08002232   0x00000002   PAD
    0x08002234   0x08002234   0x00000268   Code   RO         3266    i.HAL_UART_IRQHandler  stm32f4xx_hal_uart.o
    0x0800249c   0x0800249c   0x00000062   Code   RO         3267    i.HAL_UART_Init     stm32f4xx_hal_uart.o
    0x080024fe   0x080024fe   0x00000002   PAD
    0x08002500   0x08002500   0x00000110   Code   RO          493    i.HAL_UART_MspInit  usart.o
    0x08002610   0x08002610   0x0000002a   Code   RO         3272    i.HAL_UART_Receive_IT  stm32f4xx_hal_uart.o
    0x0800263a   0x0800263a   0x00000002   PAD
    0x0800263c   0x0800263c   0x00000100   Code   RO          494    i.HAL_UART_RxCpltCallback  usart.o
    0x0800273c   0x0800273c   0x000000b2   Code   RO         3275    i.HAL_UART_Transmit  stm32f4xx_hal_uart.o
    0x080027ee   0x080027ee   0x00000002   Code   RO         3278    i.HAL_UART_TxCpltCallback  stm32f4xx_hal_uart.o
    0x080027f0   0x080027f0   0x00000002   Code   RO          569    i.HardFault_Handler  stm32f4xx_it.o
    0x080027f2   0x080027f2   0x00000002   PAD
    0x080027f4   0x080027f4   0x00000060   Code   RO         4367    i.Location_Speed_control  control.o
    0x08002854   0x08002854   0x00000054   Code   RO          287    i.MX_FREERTOS_Init  freertos.o
    0x080028a8   0x080028a8   0x0000009c   Code   RO          263    i.MX_GPIO_Init      gpio.o
    0x08002944   0x08002944   0x00000040   Code   RO          356    i.MX_I2C1_Init      i2c.o
    0x08002984   0x08002984   0x00000040   Code   RO          357    i.MX_I2C3_Init      i2c.o
    0x080029c4   0x080029c4   0x00000068   Code   RO          407    i.MX_TIM13_Init     tim.o
    0x08002a2c   0x08002a2c   0x00000068   Code   RO          408    i.MX_TIM14_Init     tim.o
    0x08002a94   0x08002a94   0x00000070   Code   RO          409    i.MX_TIM3_Init      tim.o
    0x08002b04   0x08002b04   0x0000006c   Code   RO          410    i.MX_TIM4_Init      tim.o
    0x08002b70   0x08002b70   0x00000048   Code   RO          411    i.MX_TIM6_Init      tim.o
    0x08002bb8   0x08002bb8   0x00000044   Code   RO          412    i.MX_TIM7_Init      tim.o
    0x08002bfc   0x08002bfc   0x00000038   Code   RO          495    i.MX_USART1_UART_Init  usart.o
    0x08002c34   0x08002c34   0x00000044   Code   RO          496    i.MX_USART2_UART_Init  usart.o
    0x08002c78   0x08002c78   0x00000044   Code   RO          497    i.MX_USART3_UART_Init  usart.o
    0x08002cbc   0x08002cbc   0x00000002   Code   RO          570    i.MemManage_Handler  stm32f4xx_it.o
    0x08002cbe   0x08002cbe   0x00000002   Code   RO          571    i.NMI_Handler       stm32f4xx_it.o
    0x08002cc0   0x08002cc0   0x000000a4   Code   RO         4294    i.PID_param_init    pid.o
    0x08002d64   0x08002d64   0x0000007c   Code   RO         4537    i.Read_Encoder      encoder.o
    0x08002de0   0x08002de0   0x00000020   Code   RO         4368    i.Set_Motor_L_Back  control.o
    0x08002e00   0x08002e00   0x00000020   Code   RO         4369    i.Set_Motor_L_Forward  control.o
    0x08002e20   0x08002e20   0x00000020   Code   RO         4371    i.Set_Motor_R_Back  control.o
    0x08002e40   0x08002e40   0x00000020   Code   RO         4372    i.Set_Motor_R_Forward  control.o
    0x08002e60   0x08002e60   0x00000024   Code   RO         4374    i.Set_PWM_L         control.o
    0x08002e84   0x08002e84   0x00000024   Code   RO         4375    i.Set_PWM_R         control.o
    0x08002ea8   0x08002ea8   0x00000038   Code   RO          288    i.StartDefaultTask  freertos.o
    0x08002ee0   0x08002ee0   0x00000008   Code   RO          289    i.StartTask02       freertos.o
    0x08002ee8   0x08002ee8   0x000000a0   Code   RO          290    i.StartTask03       freertos.o
    0x08002f88   0x08002f88   0x00000018   Code   RO          572    i.SysTick_Handler   stm32f4xx_it.o
    0x08002fa0   0x08002fa0   0x00000094   Code   RO           15    i.SystemClock_Config  main.o
    0x08003034   0x08003034   0x00000010   Code   RO         3596    i.SystemInit        system_stm32f4xx.o
    0x08003044   0x08003044   0x0000000c   Code   RO          573    i.TIM6_DAC_IRQHandler  stm32f4xx_it.o
    0x08003050   0x08003050   0x0000000c   Code   RO          574    i.TIM7_IRQHandler   stm32f4xx_it.o
    0x0800305c   0x0800305c   0x000000c8   Code   RO         2360    i.TIM_Base_SetConfig  stm32f4xx_hal_tim.o
    0x08003124   0x08003124   0x0000001a   Code   RO         2361    i.TIM_CCxChannelCmd  stm32f4xx_hal_tim.o
    0x0800313e   0x0800313e   0x00000002   PAD
    0x08003140   0x08003140   0x00000060   Code   RO         2373    i.TIM_OC1_SetConfig  stm32f4xx_hal_tim.o
    0x080031a0   0x080031a0   0x0000006c   Code   RO         2374    i.TIM_OC2_SetConfig  stm32f4xx_hal_tim.o
    0x0800320c   0x0800320c   0x00000068   Code   RO         2375    i.TIM_OC3_SetConfig  stm32f4xx_hal_tim.o
    0x08003274   0x08003274   0x00000050   Code   RO         2376    i.TIM_OC4_SetConfig  stm32f4xx_hal_tim.o
    0x080032c4   0x080032c4   0x00000010   Code   RO         3280    i.UART_DMAAbortOnError  stm32f4xx_hal_uart.o
    0x080032d4   0x080032d4   0x0000004e   Code   RO         3290    i.UART_EndRxTransfer  stm32f4xx_hal_uart.o
    0x08003322   0x08003322   0x000000c0   Code   RO         3292    i.UART_Receive_IT   stm32f4xx_hal_uart.o
    0x080033e2   0x080033e2   0x00000002   PAD
    0x080033e4   0x080033e4   0x0000010c   Code   RO         3293    i.UART_SetConfig    stm32f4xx_hal_uart.o
    0x080034f0   0x080034f0   0x0000003a   Code   RO         3295    i.UART_Start_Receive_IT  stm32f4xx_hal_uart.o
    0x0800352a   0x0800352a   0x00000078   Code   RO         3296    i.UART_WaitOnFlagUntilTimeout  stm32f4xx_hal_uart.o
    0x080035a2   0x080035a2   0x00000002   PAD
    0x080035a4   0x080035a4   0x0000002c   Code   RO          498    i.USART2Printf      usart.o
    0x080035d0   0x080035d0   0x0000000c   Code   RO          575    i.USART2_IRQHandler  stm32f4xx_it.o
    0x080035dc   0x080035dc   0x0000000c   Code   RO          576    i.USART3_IRQHandler  stm32f4xx_it.o
    0x080035e8   0x080035e8   0x00000002   Code   RO          577    i.UsageFault_Handler  stm32f4xx_it.o
    0x080035ea   0x080035ea   0x00000002   PAD
    0x080035ec   0x080035ec   0x00000020   Code   RO         6762    i.__0printf         mc_w.l(printfa.o)
    0x0800360c   0x0800360c   0x00000024   Code   RO         6768    i.__0vsprintf       mc_w.l(printfa.o)
    0x08003630   0x08003630   0x00000020   Code   RO         1440    i.__NVIC_SetPriority  stm32f4xx_hal_cortex.o
    0x08003650   0x08003650   0x0000005c   Code   RO         6794    i.__free$realloc    mc_w.l(mallocr.o)
    0x080036ac   0x080036ac   0x00000004   PAD
    0x080036b0   0x080036b0   0x00000038   Code   RO         6490    i.__hardfp_atof     m_wm.l(atof.o)
    0x080036e8   0x080036e8   0x00000028   Code   RO         6496    i.__hardfp_strtod   m_wm.l(strtod.o)
    0x08003710   0x08003710   0x00000050   Code   RO         6795    i.__malloc$realloc  mc_w.l(mallocr.o)
    0x08003760   0x08003760   0x0000000c   Code   RO         6921    i.__read_errno      mc_w.l(errno.o)
    0x0800376c   0x0800376c   0x0000000e   Code   RO         6957    i.__scatterload_copy  mc_w.l(handlers.o)
    0x0800377a   0x0800377a   0x00000002   Code   RO         6958    i.__scatterload_null  mc_w.l(handlers.o)
    0x0800377c   0x0800377c   0x0000000e   Code   RO         6959    i.__scatterload_zeroinit  mc_w.l(handlers.o)
    0x0800378a   0x0800378a   0x00000002   PAD
    0x0800378c   0x0800378c   0x0000000c   Code   RO         6922    i.__set_errno       mc_w.l(errno.o)
    0x08003798   0x08003798   0x00000184   Code   RO         6769    i._fp_digits        mc_w.l(printfa.o)
    0x0800391c   0x0800391c   0x0000000e   Code   RO         6822    i._is_digit         mc_w.l(scanf_fp.o)
    0x0800392a   0x0800392a   0x00000002   PAD
    0x0800392c   0x0800392c   0x000006b4   Code   RO         6770    i._printf_core      mc_w.l(printfa.o)
    0x08003fe0   0x08003fe0   0x00000024   Code   RO         6771    i._printf_post_padding  mc_w.l(printfa.o)
    0x08004004   0x08004004   0x0000002e   Code   RO         6772    i._printf_pre_padding  mc_w.l(printfa.o)
    0x08004032   0x08004032   0x0000000a   Code   RO         6774    i._sputc            mc_w.l(printfa.o)
    0x0800403c   0x0800403c   0x0000002c   Code   RO         4566    i.buffer_skip_whitespace  cjson.o
    0x08004068   0x08004068   0x00000048   Code   RO         4598    i.cJSON_Delete      cjson.o
    0x080040b0   0x080040b0   0x00000006   Code   RO         4610    i.cJSON_GetObjectItem  cjson.o
    0x080040b6   0x080040b6   0x00000016   Code   RO         4627    i.cJSON_New_Item    cjson.o
    0x080040cc   0x080040cc   0x00000008   Code   RO         4628    i.cJSON_Parse       cjson.o
    0x080040d4   0x080040d4   0x000000e4   Code   RO         4629    i.cJSON_ParseWithOpts  cjson.o
    0x080041b8   0x080041b8   0x00000050   Code   RO         4376    i.calculation_pulse  control.o
    0x08004208   0x08004208   0x00000014   Code   RO           16    i.fputc             main.o
    0x0800421c   0x0800421c   0x0000007a   Code   RO         4646    i.get_object_item   cjson.o
    0x08004296   0x08004296   0x00000002   PAD
    0x08004298   0x08004298   0x00000050   Code   RO         6796    i.internal_alloc    mc_w.l(mallocr.o)
    0x080042e8   0x080042e8   0x000000fc   Code   RO         5149    i.json_Parse        parsejson.o
    0x080043e4   0x080043e4   0x0000009c   Code   RO         4377    i.location_pid_L_control  control.o
    0x08004480   0x08004480   0x00000080   Code   RO         4296    i.location_pid_L_realize  pid.o
    0x08004500   0x08004500   0x000000a0   Code   RO         4378    i.location_pid_R_control  control.o
    0x080045a0   0x080045a0   0x000000d0   Code   RO         4297    i.location_pid_R_realize  pid.o
    0x08004670   0x08004670   0x0000005c   Code   RO           17    i.main              main.o
    0x080046cc   0x080046cc   0x0000000c   Code   RO         5953    i.makeFreeRtosPriority  cmsis_os.o
    0x080046d8   0x080046d8   0x0000000e   Code   RO         5955    i.osDelay           cmsis_os.o
    0x080046e6   0x080046e6   0x0000000a   Code   RO         5958    i.osKernelStart     cmsis_os.o
    0x080046f0   0x080046f0   0x00000054   Code   RO         5992    i.osThreadCreate    cmsis_os.o
    0x08004744   0x08004744   0x000000cc   Code   RO         4647    i.parse_array       cjson.o
    0x08004810   0x08004810   0x00000040   Code   RO         4648    i.parse_hex4        cjson.o
    0x08004850   0x08004850   0x00000100   Code   RO         4649    i.parse_number      cjson.o
    0x08004950   0x08004950   0x00000106   Code   RO         4650    i.parse_object      cjson.o
    0x08004a56   0x08004a56   0x0000010c   Code   RO         4651    i.parse_string      cjson.o
    0x08004b62   0x08004b62   0x00000002   PAD
    0x08004b64   0x08004b64   0x000000fc   Code   RO         4652    i.parse_value       cjson.o
    0x08004c60   0x08004c60   0x00000070   Code   RO         5635    i.prvAddCurrentTaskToDelayedList  tasks.o
    0x08004cd0   0x08004cd0   0x000000d0   Code   RO         5636    i.prvAddNewTaskToReadyList  tasks.o
    0x08004da0   0x08004da0   0x00000034   Code   RO         5637    i.prvDeleteTCB      tasks.o
    0x08004dd4   0x08004dd4   0x0000004c   Code   RO         6320    i.prvHeapInit       heap_4.o
    0x08004e20   0x08004e20   0x00000060   Code   RO         5638    i.prvIdleTask       tasks.o
    0x08004e80   0x08004e80   0x00000098   Code   RO         5639    i.prvInitialiseNewTask  tasks.o
    0x08004f18   0x08004f18   0x0000004c   Code   RO         6321    i.prvInsertBlockIntoFreeList  heap_4.o
    0x08004f64   0x08004f64   0x00000020   Code   RO         5640    i.prvResetNextTaskUnblockTime  tasks.o
    0x08004f84   0x08004f84   0x00000028   Code   RO         6388    i.prvTaskExitError  port.o
    0x08004fac   0x08004fac   0x000000dc   Code   RO         6322    i.pvPortMalloc      heap_4.o
    0x08005088   0x08005088   0x0000002c   Code   RO         6389    i.pxPortInitialiseStack  port.o
    0x080050b4   0x080050b4   0x0000006c   Code   RO         6797    i.realloc           mc_w.l(mallocr.o)
    0x08005120   0x08005120   0x00000006   Code   RO         4299    i.set_pid_target    pid.o
    0x08005126   0x08005126   0x00000002   PAD
    0x08005128   0x08005128   0x00000060   Code   RO         4379    i.speed_pid_L_control  control.o
    0x08005188   0x08005188   0x00000078   Code   RO         4300    i.speed_pid_L_realize  pid.o
    0x08005200   0x08005200   0x00000060   Code   RO         4380    i.speed_pid_R_control  control.o
    0x08005260   0x08005260   0x00000078   Code   RO         4301    i.speed_pid_R_realize  pid.o
    0x080052d8   0x080052d8   0x000000d2   Code   RO         4661    i.utf16_literal_to_utf8  cjson.o
    0x080053aa   0x080053aa   0x00000026   Code   RO         5277    i.uxListRemove      list.o
    0x080053d0   0x080053d0   0x00000014   Code   RO          291    i.vApplicationGetIdleTaskMemory  freertos.o
    0x080053e4   0x080053e4   0x00000016   Code   RO         5278    i.vListInitialise   list.o
    0x080053fa   0x080053fa   0x00000006   Code   RO         5279    i.vListInitialiseItem  list.o
    0x08005400   0x08005400   0x00000030   Code   RO         5280    i.vListInsert       list.o
    0x08005430   0x08005430   0x00000018   Code   RO         5281    i.vListInsertEnd    list.o
    0x08005448   0x08005448   0x00000040   Code   RO         6391    i.vPortEnterCritical  port.o
    0x08005488   0x08005488   0x00000028   Code   RO         6392    i.vPortExitCritical  port.o
    0x080054b0   0x080054b0   0x00000064   Code   RO         6323    i.vPortFree         heap_4.o
    0x08005514   0x08005514   0x00000024   Code   RO         6393    i.vPortSetupTimerInterrupt  port.o
    0x08005538   0x08005538   0x0000004c   Code   RO         5649    i.vTaskDelay        tasks.o
    0x08005584   0x08005584   0x0000006c   Code   RO         5662    i.vTaskStartScheduler  tasks.o
    0x080055f0   0x080055f0   0x00000010   Code   RO         5664    i.vTaskSuspendAll   tasks.o
    0x08005600   0x08005600   0x0000005c   Code   RO         5665    i.vTaskSwitchContext  tasks.o
    0x0800565c   0x0800565c   0x000000f4   Code   RO         6395    i.xPortStartScheduler  port.o
    0x08005750   0x08005750   0x0000002c   Code   RO         6396    i.xPortSysTickHandler  port.o
    0x0800577c   0x0800577c   0x0000005a   Code   RO         5668    i.xTaskCreate       tasks.o
    0x080057d6   0x080057d6   0x00000056   Code   RO         5669    i.xTaskCreateStatic  tasks.o
    0x0800582c   0x0800582c   0x0000001c   Code   RO         5673    i.xTaskGetSchedulerState  tasks.o
    0x08005848   0x08005848   0x000000cc   Code   RO         5676    i.xTaskIncrementTick  tasks.o
    0x08005914   0x08005914   0x000000c4   Code   RO         5682    i.xTaskResumeAll    tasks.o
    0x080059d8   0x080059d8   0x00000054   Data   RO          293    .constdata          freertos.o
    0x08005a2c   0x08005a2c   0x00000010   Data   RO         3597    .constdata          system_stm32f4xx.o
    0x08005a3c   0x08005a3c   0x00000008   Data   RO         3598    .constdata          system_stm32f4xx.o
    0x08005a44   0x08005a44   0x00000040   Data   RO         6953    .constdata          mc_w.l(ctype_c.o)
    0x08005a84   0x08005a84   0x00000024   Data   RO          294    .conststring        freertos.o
    0x08005aa8   0x08005aa8   0x00000020   Data   RO         6955    Region$$Table       anon$$obj.o


    Execution Region RW_IRAM1 (Exec base: 0x20000000, Load base: 0x08005ac8, Size: 0x00004d58, Max: 0x0001c000, ABSOLUTE)

    Exec Addr    Load Addr    Size         Type   Attr      Idx    E Section Name        Object

    0x20000000   0x08005ac8   0x0000000c   Data   RW          299    .data               freertos.o
    0x2000000c   0x08005ad4   0x00000007   Data   RW          500    .data               usart.o
    0x20000013   0x08005adb   0x00000001   PAD
    0x20000014   0x08005adc   0x0000000c   Data   RW         1584    .data               stm32f4xx_hal.o
    0x20000020   0x08005ae8   0x00000004   Data   RW         3599    .data               system_stm32f4xx.o
    0x20000024   0x08005aec   0x00000014   Data   RW         4381    .data               control.o
    0x20000038   0x08005b00   0x00000018   Data   RW         4538    .data               encoder.o
    0x20000050   0x08005b18   0x00000014   Data   RW         4663    .data               cjson.o
    0x20000064   0x08005b2c   0x0000002d   Data   RW         5151    .data               parsejson.o
    0x20000091   0x08005b59   0x00000003   PAD
    0x20000094   0x08005b5c   0x0000003c   Data   RW         5685    .data               tasks.o
    0x200000d0   0x08005b98   0x00000020   Data   RW         6329    .data               heap_4.o
    0x200000f0   0x08005bb8   0x0000000c   Data   RW         6397    .data               port.o
    0x200000fc   0x08005bc4   0x00000004   Data   RW         6909    .data               mc_w.l(stdout.o)
    0x20000100   0x08005bc8   0x00000004   Data   RW         6918    .data               mc_w.l(mvars.o)
    0x20000104   0x08005bcc   0x00000004   Data   RW         6919    .data               mc_w.l(mvars.o)
    0x20000108   0x08005bd0   0x00000004   Data   RW         6923    .data               mc_w.l(errno.o)
    0x2000010c        -       0x00000354   Zero   RW          292    .bss                freertos.o
    0x20000460        -       0x000000a8   Zero   RW          358    .bss                i2c.o
    0x20000508        -       0x000001b0   Zero   RW          413    .bss                tim.o
    0x200006b8        -       0x00000330   Zero   RW          499    .bss                usart.o
    0x200009e8        -       0x00000080   Zero   RW         4302    .bss                pid.o
    0x20000a68        -       0x000000f0   Zero   RW         5684    .bss                tasks.o
    0x20000b58        -       0x00003c00   Zero   RW         6328    .bss                heap_4.o
    0x20004758        -       0x00000200   Zero   RW            2    HEAP                startup_stm32f407xx.o
    0x20004958        -       0x00000400   Zero   RW            1    STACK               startup_stm32f407xx.o


    Execution Region RW_IRAM2 (Exec base: 0x2001c000, Load base: 0x08005bd4, Size: 0x00000000, Max: 0x00004000, ABSOLUTE)

    **** No section assigned to this execution region ****


==============================================================================

Image component sizes


      Code (inc. data)   RO Data    RW Data    ZI Data      Debug   Object Name

      2018         68          0         20          0      17727   cjson.o
       120          0          0          0          0      23293   cmsis_os.o
       884        248          0         20          0       8198   control.o
       124         14          0         24          0       1025   encoder.o
         0          0          0          0          0      15416   event_groups.o
       328         82        120         12        852       4831   freertos.o
       156          8          0          0          0       1031   gpio.o
       472         24          0         32      15360       7415   heap_4.o
       360         52          0          0        168       2406   i2c.o
         0          0          0          0          0       2592   inv_mpu.o
         0          0          0          0          0       1472   inv_mpu_dmp_motion_driver.o
       138          0          0          0          0       3546   list.o
       316         36          0          0          0     736200   main.o
       252         76          0         45          0       1548   parsejson.o
       746        114          0          0        128       5200   pid.o
       702         72          0         12          0      11000   port.o
        36          8        392          0       1536        836   startup_stm32f407xx.o
       144         24          0         12          0       8773   stm32f4xx_hal.o
       198         14          0          0          0      33947   stm32f4xx_hal_cortex.o
       182          0          0          0          0       2099   stm32f4xx_hal_dma.o
       506         46          0          0          0       2192   stm32f4xx_hal_gpio.o
       392         16          0          0          0       3119   stm32f4xx_hal_i2c.o
        56          4          0          0          0        866   stm32f4xx_hal_msp.o
      1348         76          0          0          0       5240   stm32f4xx_hal_rcc.o
      2000        136          0          0          0      15505   stm32f4xx_hal_tim.o
       148         28          0          0          0       2453   stm32f4xx_hal_tim_ex.o
      1672         16          0          0          0      11400   stm32f4xx_hal_uart.o
        84         24          0          0          0       5191   stm32f4xx_it.o
        16          4         24          4          0       1127   system_stm32f4xx.o
      1548        118          0         60        240      20131   tasks.o
      1016        124          0          0        432       6391   tim.o
       764        126          0          7        816       5915   usart.o

    ----------------------------------------------------------------------
     16760       1558        568        252      19532     968085   Object Totals
         0          0         32          0          0          0   (incl. Generated)
        34          0          0          4          0          0   (incl. Padding)

    ----------------------------------------------------------------------

      Code (inc. data)   RO Data    RW Data    ZI Data      Debug   Library Member Name

        56         12          0          0          0        132   atof.o
        40         10          0          0          0        128   strtod.o
        64          0          0          0          0         84   _sgetc.o
        40          6         64          0          0         68   ctype_c.o
         0          0          0          0          0          0   entry.o
         0          0          0          0          0          0   entry10a.o
         0          0          0          0          0          0   entry11a.o
         4          0          0          0          0          0   entry12b.o
         8          4          0          0          0          0   entry2.o
         4          0          0          0          0          0   entry5.o
         0          0          0          0          0          0   entry7b.o
         0          0          0          0          0          0   entry8b.o
         8          4          0          0          0          0   entry9a.o
        24         12          0          4          0        136   errno.o
        30          0          0          0          0          0   handlers.o
        36          8          0          0          0         68   init.o
        10          0          0          0          0         68   isspace_c.o
         0          0          0          0          0          0   iusefp.o
        30          0          0          0          0         68   llshl.o
        36          0          0          0          0         68   llsshr.o
        32          0          0          0          0         68   llushr.o
       360         30          0          0          0        356   mallocr.o
        36          0          0          0          0         68   memcpya.o
        36          0          0          0          0        108   memseta.o
         0          0          0          8          0          0   mvars.o
      2264         96          0          0          0        612   printfa.o
       878         12          0          0          0        216   scanf_fp.o
         0          0          0          4          0          0   stdout.o
        28          0          0          0          0         76   strcmp.o
        18          0          0          0          0         68   strcpy.o
        14          0          0          0          0         68   strlen.o
        30          0          0          0          0         80   strncmp.o
       156         12          0          0          0        120   strtod.o
        12          0          0          0          0         68   tolower.o
        44          0          0          0          0         80   uidiv.o
        98          0          0          0          0         92   uldiv.o
        48          0          0          0          0         68   cdcmple.o
        48          0          0          0          0         68   cdrcmple.o
        56          0          0          0          0         88   d2f.o
       334          0          0          0          0        148   dadd.o
       222          0          0          0          0        100   ddiv.o
       186          0          0          0          0        176   depilogue.o
        62          0          0          0          0         80   dfixi.o
        48          0          0          0          0         68   dfixul.o
        34          0          0          0          0         76   dflti.o
        24          0          0          0          0         76   dfltul.o
       228          0          0          0          0         96   dmul.o
        38          0          0          0          0         68   f2d.o
       110          0          0          0          0        168   fepilogue.o

    ----------------------------------------------------------------------
      5848        210         64         16          0       4180   Library Totals
        14          4          0          0          0          0   (incl. Padding)

    ----------------------------------------------------------------------

      Code (inc. data)   RO Data    RW Data    ZI Data      Debug   Library Name

        96         22          0          0          0        260   m_wm.l
      4300        184         64         16          0       2640   mc_w.l
      1438          0          0          0          0       1280   mf_w.l

    ----------------------------------------------------------------------
      5848        210         64         16          0       4180   Library Totals

    ----------------------------------------------------------------------

==============================================================================


      Code (inc. data)   RO Data    RW Data    ZI Data      Debug   

     22608       1768        632        268      19532     954437   Grand Totals
     22608       1768        632        268      19532     954437   ELF Image Totals
     22608       1768        632        268          0          0   ROM Totals

==============================================================================

    Total RO  Size (Code + RO Data)                23240 (  22.70kB)
    Total RW  Size (RW Data + ZI Data)             19800 (  19.34kB)
    Total ROM Size (Code + RO Data + RW Data)      23508 (  22.96kB)

==============================================================================

